Archive member included to satisfy reference by file (symbol)

C:/ST/STM32CubeIDE_1.15.0/STM32CubeIDE/plugins/com.st.stm32cube.ide.mcu.externaltools.gnu-tools-for-stm32.12.3.rel1.win32_1.0.100.202403111256/tools/bin/../lib/gcc/arm-none-eabi/12.3.1/../../../../arm-none-eabi/lib/thumb/v7e-m+fp/hard\libc_nano.a(libc_a-exit.o)
                              C:/ST/STM32CubeIDE_1.15.0/STM32CubeIDE/plugins/com.st.stm32cube.ide.mcu.externaltools.gnu-tools-for-stm32.12.3.rel1.win32_1.0.100.202403111256/tools/bin/../lib/gcc/arm-none-eabi/12.3.1/../../../../arm-none-eabi/lib/thumb/v7e-m+fp/hard/crt0.o (exit)
C:/ST/STM32CubeIDE_1.15.0/STM32CubeIDE/plugins/com.st.stm32cube.ide.mcu.externaltools.gnu-tools-for-stm32.12.3.rel1.win32_1.0.100.202403111256/tools/bin/../lib/gcc/arm-none-eabi/12.3.1/../../../../arm-none-eabi/lib/thumb/v7e-m+fp/hard\libc_nano.a(libc_a-findfp.o)
                              ./Middlewares/Third_Party/FreeRTOS/Source/tasks.o (__sf)
C:/ST/STM32CubeIDE_1.15.0/STM32CubeIDE/plugins/com.st.stm32cube.ide.mcu.externaltools.gnu-tools-for-stm32.12.3.rel1.win32_1.0.100.202403111256/tools/bin/../lib/gcc/arm-none-eabi/12.3.1/../../../../arm-none-eabi/lib/thumb/v7e-m+fp/hard\libc_nano.a(libc_a-fwalk.o)
                              C:/ST/STM32CubeIDE_1.15.0/STM32CubeIDE/plugins/com.st.stm32cube.ide.mcu.externaltools.gnu-tools-for-stm32.12.3.rel1.win32_1.0.100.202403111256/tools/bin/../lib/gcc/arm-none-eabi/12.3.1/../../../../arm-none-eabi/lib/thumb/v7e-m+fp/hard\libc_nano.a(libc_a-findfp.o) (_fwalk_sglue)
C:/ST/STM32CubeIDE_1.15.0/STM32CubeIDE/plugins/com.st.stm32cube.ide.mcu.externaltools.gnu-tools-for-stm32.12.3.rel1.win32_1.0.100.202403111256/tools/bin/../lib/gcc/arm-none-eabi/12.3.1/../../../../arm-none-eabi/lib/thumb/v7e-m+fp/hard\libc_nano.a(libc_a-sprintf.o)
                              ./Core/Src/dataMeasurements.o (sprintf)
C:/ST/STM32CubeIDE_1.15.0/STM32CubeIDE/plugins/com.st.stm32cube.ide.mcu.externaltools.gnu-tools-for-stm32.12.3.rel1.win32_1.0.100.202403111256/tools/bin/../lib/gcc/arm-none-eabi/12.3.1/../../../../arm-none-eabi/lib/thumb/v7e-m+fp/hard\libc_nano.a(libc_a-stdio.o)
                              C:/ST/STM32CubeIDE_1.15.0/STM32CubeIDE/plugins/com.st.stm32cube.ide.mcu.externaltools.gnu-tools-for-stm32.12.3.rel1.win32_1.0.100.202403111256/tools/bin/../lib/gcc/arm-none-eabi/12.3.1/../../../../arm-none-eabi/lib/thumb/v7e-m+fp/hard\libc_nano.a(libc_a-findfp.o) (__sread)
C:/ST/STM32CubeIDE_1.15.0/STM32CubeIDE/plugins/com.st.stm32cube.ide.mcu.externaltools.gnu-tools-for-stm32.12.3.rel1.win32_1.0.100.202403111256/tools/bin/../lib/gcc/arm-none-eabi/12.3.1/../../../../arm-none-eabi/lib/thumb/v7e-m+fp/hard\libc_nano.a(libc_a-memset.o)
                              C:/ST/STM32CubeIDE_1.15.0/STM32CubeIDE/plugins/com.st.stm32cube.ide.mcu.externaltools.gnu-tools-for-stm32.12.3.rel1.win32_1.0.100.202403111256/tools/bin/../lib/gcc/arm-none-eabi/12.3.1/../../../../arm-none-eabi/lib/thumb/v7e-m+fp/hard/crt0.o (memset)
C:/ST/STM32CubeIDE_1.15.0/STM32CubeIDE/plugins/com.st.stm32cube.ide.mcu.externaltools.gnu-tools-for-stm32.12.3.rel1.win32_1.0.100.202403111256/tools/bin/../lib/gcc/arm-none-eabi/12.3.1/../../../../arm-none-eabi/lib/thumb/v7e-m+fp/hard\libc_nano.a(libc_a-closer.o)
                              C:/ST/STM32CubeIDE_1.15.0/STM32CubeIDE/plugins/com.st.stm32cube.ide.mcu.externaltools.gnu-tools-for-stm32.12.3.rel1.win32_1.0.100.202403111256/tools/bin/../lib/gcc/arm-none-eabi/12.3.1/../../../../arm-none-eabi/lib/thumb/v7e-m+fp/hard\libc_nano.a(libc_a-stdio.o) (_close_r)
C:/ST/STM32CubeIDE_1.15.0/STM32CubeIDE/plugins/com.st.stm32cube.ide.mcu.externaltools.gnu-tools-for-stm32.12.3.rel1.win32_1.0.100.202403111256/tools/bin/../lib/gcc/arm-none-eabi/12.3.1/../../../../arm-none-eabi/lib/thumb/v7e-m+fp/hard\libc_nano.a(libc_a-reent.o)
                              ./Middlewares/Third_Party/FreeRTOS/Source/tasks.o (_reclaim_reent)
C:/ST/STM32CubeIDE_1.15.0/STM32CubeIDE/plugins/com.st.stm32cube.ide.mcu.externaltools.gnu-tools-for-stm32.12.3.rel1.win32_1.0.100.202403111256/tools/bin/../lib/gcc/arm-none-eabi/12.3.1/../../../../arm-none-eabi/lib/thumb/v7e-m+fp/hard\libc_nano.a(libc_a-impure.o)
                              ./Middlewares/Third_Party/FreeRTOS/Source/tasks.o (_impure_ptr)
C:/ST/STM32CubeIDE_1.15.0/STM32CubeIDE/plugins/com.st.stm32cube.ide.mcu.externaltools.gnu-tools-for-stm32.12.3.rel1.win32_1.0.100.202403111256/tools/bin/../lib/gcc/arm-none-eabi/12.3.1/../../../../arm-none-eabi/lib/thumb/v7e-m+fp/hard\libc_nano.a(libc_a-lseekr.o)
                              C:/ST/STM32CubeIDE_1.15.0/STM32CubeIDE/plugins/com.st.stm32cube.ide.mcu.externaltools.gnu-tools-for-stm32.12.3.rel1.win32_1.0.100.202403111256/tools/bin/../lib/gcc/arm-none-eabi/12.3.1/../../../../arm-none-eabi/lib/thumb/v7e-m+fp/hard\libc_nano.a(libc_a-stdio.o) (_lseek_r)
[...]
Memory Configuration

Name             Origin             Length             Attributes
RAM              0x20000000         0x00018000         xrw
RAM2             0x10000000         0x00008000         xrw
FLASH            0x08000000         0x00100000         xr
*default*        0x00000000         0xffffffff

Linker script and memory map

LOAD C:/ST/STM32CubeIDE_1.15.0/STM32CubeIDE/plugins/com.st.stm32cube.ide.mcu.externaltools.gnu-tools-for-stm32.12.3.rel1.win32_1.0.100.202403111256/tools/bin/../lib/gcc/arm-none-eabi/12.3.1/thumb/v7e-m+fp/hard/crti.o
LOAD C:/ST/STM32CubeIDE_1.15.0/STM32CubeIDE/plugins/com.st.stm32cube.ide.mcu.externaltools.gnu-tools-for-stm32.12.3.rel1.win32_1.0.100.202403111256/tools/bin/../lib/gcc/arm-none-eabi/12.3.1/thumb/v7e-m+fp/hard/crtbegin.o
LOAD C:/ST/STM32CubeIDE_1.15.0/STM32CubeIDE/plugins/com.st.stm32cube.ide.mcu.externaltools.gnu-tools-for-stm32.12.3.rel1.win32_1.0.100.202403111256/tools/bin/../lib/gcc/arm-none-eabi/12.3.1/../../../../arm-none-eabi/lib/thumb/v7e-m+fp/hard/crt0.o
LOAD ./Core/Src/dataMeasurements.o
LOAD ./Core/Src/freertos.o
LOAD ./Core/Src/gpio.o
LOAD ./Core/Src/i2c.o
LOAD ./Core/Src/main.o
LOAD ./Core/Src/spi.o
LOAD ./Core/Src/spsgrf.o
LOAD ./Core/Src/stm32l4xx_hal_msp.o
LOAD ./Core/Src/stm32l4xx_hal_timebase_tim.o
LOAD ./Core/Src/stm32l4xx_it.o
LOAD ./Core/Src/syscalls.o
LOAD ./Core/Src/sysmem.o
LOAD ./Core/Src/system_stm32l4xx.o
LOAD ./Core/Src/uart.o
LOAD ./Core/Startup/startup_stm32l476rgtx.o
LOAD ./Drivers/BSP/Components/spirit1/SPIRIT1_Library/Src/SPIRIT_Aes.o
LOAD ./Drivers/BSP/Components/spirit1/SPIRIT1_Library/Src/SPIRIT_Calibration.o
LOAD ./Drivers/BSP/Components/spirit1/SPIRIT1_Library/Src/SPIRIT_Commands.o
LOAD ./Drivers/BSP/Components/spirit1/SPIRIT1_Library/Src/SPIRIT_Csma.o
LOAD ./Drivers/BSP/Components/spirit1/SPIRIT1_Library/Src/SPIRIT_DirectRF.o
LOAD ./Drivers/BSP/Components/spirit1/SPIRIT1_Library/Src/SPIRIT_General.o
LOAD ./Drivers/BSP/Components/spirit1/SPIRIT1_Library/Src/SPIRIT_Gpio.o
LOAD ./Drivers/BSP/Components/spirit1/SPIRIT1_Library/Src/SPIRIT_Irq.o
LOAD ./Drivers/BSP/Components/spirit1/SPIRIT1_Library/Src/SPIRIT_LinearFifo.o
LOAD ./Drivers/BSP/Components/spirit1/SPIRIT1_Library/Src/SPIRIT_Management.o
LOAD ./Drivers/BSP/Components/spirit1/SPIRIT1_Library/Src/SPIRIT_PktBasic.o
LOAD ./Drivers/BSP/Components/spirit1/SPIRIT1_Library/Src/SPIRIT_PktCommon.o
LOAD ./Drivers/BSP/Components/spirit1/SPIRIT1_Library/Src/SPIRIT_PktMbus.o
LOAD ./Drivers/BSP/Components/spirit1/SPIRIT1_Library/Src/SPIRIT_PktStack.o
LOAD ./Drivers/BSP/Components/spirit1/SPIRIT1_Library/Src/SPIRIT_Qi.o
LOAD ./Drivers/BSP/Components/spirit1/SPIRIT1_Library/Src/SPIRIT_Radio.o
LOAD ./Drivers/BSP/Components/spirit1/SPIRIT1_Library/Src/SPIRIT_Timer.o
LOAD ./Drivers/BSP/Components/spirit1/SPIRIT1_Library/Src/SPIRIT_Types.o
LOAD ./Drivers/BSP/Components/spirit1/radio_target.o
LOAD ./Drivers/STM32L4xx_HAL_Driver/Src/stm32l4xx_hal.o
LOAD ./Drivers/STM32L4xx_HAL_Driver/Src/stm32l4xx_hal_cortex.o
LOAD ./Drivers/STM32L4xx_HAL_Driver/Src/stm32l4xx_hal_dma.o
LOAD ./Drivers/STM32L4xx_HAL_Driver/Src/stm32l4xx_hal_dma_ex.o
LOAD ./Drivers/STM32L4xx_HAL_Driver/Src/stm32l4xx_hal_exti.o
LOAD ./Drivers/STM32L4xx_HAL_Driver/Src/stm32l4xx_hal_flash.o
LOAD ./Drivers/STM32L4xx_HAL_Driver/Src/stm32l4xx_hal_flash_ex.o
LOAD ./Drivers/STM32L4xx_HAL_Driver/Src/stm32l4xx_hal_flash_ramfunc.o
LOAD ./Drivers/STM32L4xx_HAL_Driver/Src/stm32l4xx_hal_gpio.o
LOAD ./Drivers/STM32L4xx_HAL_Driver/Src/stm32l4xx_hal_i2c.o
LOAD ./Drivers/STM32L4xx_HAL_Driver/Src/stm32l4xx_hal_i2c_ex.o
LOAD ./Drivers/STM32L4xx_HAL_Driver/Src/stm32l4xx_hal_pwr.o
LOAD ./Drivers/STM32L4xx_HAL_Driver/Src/stm32l4xx_hal_pwr_ex.o
LOAD ./Drivers/STM32L4xx_HAL_Driver/Src/stm32l4xx_hal_rcc.o
LOAD ./Drivers/STM32L4xx_HAL_Driver/Src/stm32l4xx_hal_rcc_ex.o
LOAD ./Drivers/STM32L4xx_HAL_Driver/Src/stm32l4xx_hal_spi.o
LOAD ./Drivers/STM32L4xx_HAL_Driver/Src/stm32l4xx_hal_spi_ex.o
LOAD ./Drivers/STM32L4xx_HAL_Driver/Src/stm32l4xx_hal_tim.o
LOAD ./Drivers/STM32L4xx_HAL_Driver/Src/stm32l4xx_hal_tim_ex.o
LOAD ./Middlewares/Third_Party/FreeRTOS/Source/CMSIS_RTOS_V2/cmsis_os2.o
LOAD ./Middlewares/Third_Party/FreeRTOS/Source/croutine.o
LOAD ./Middlewares/Third_Party/FreeRTOS/Source/event_groups.o
LOAD ./Middlewares/Third_Party/FreeRTOS/Source/list.o
LOAD ./Middlewares/Third_Party/FreeRTOS/Source/queue.o
LOAD ./Middlewares/Third_Party/FreeRTOS/Source/stream_buffer.o
LOAD ./Middlewares/Third_Party/FreeRTOS/Source/tasks.o
LOAD ./Middlewares/Third_Party/FreeRTOS/Source/timers.o
LOAD ./Middlewares/Third_Party/FreeRTOS/Source/portable/GCC/ARM_CM4F/port.o
LOAD ./Middlewares/Third_Party/FreeRTOS/Source/portable/MemMang/heap_4.o
START GROUP
LOAD C:/ST/STM32CubeIDE_1.15.0/STM32CubeIDE/plugins/com.st.stm32cube.ide.mcu.externaltools.gnu-tools-for-stm32.12.3.rel1.win32_1.0.100.202403111256/tools/bin/../lib/gcc/arm-none-eabi/12.3.1/../../../../arm-none-eabi/lib/thumb/v7e-m+fp/hard\libc_nano.a
LOAD C:/ST/STM32CubeIDE_1.15.0/STM32CubeIDE/plugins/com.st.stm32cube.ide.mcu.externaltools.gnu-tools-for-stm32.12.3.rel1.win32_1.0.100.202403111256/tools/bin/../lib/gcc/arm-none-eabi/12.3.1/../../../../arm-none-eabi/lib/thumb/v7e-m+fp/hard\libm.a
END GROUP
START GROUP
LOAD C:/ST/STM32CubeIDE_1.15.0/STM32CubeIDE/plugins/com.st.stm32cube.ide.mcu.externaltools.gnu-tools-for-stm32.12.3.rel1.win32_1.0.100.202403111256/tools/bin/../lib/gcc/arm-none-eabi/12.3.1/thumb/v7e-m+fp/hard\libgcc.a
LOAD C:/ST/STM32CubeIDE_1.15.0/STM32CubeIDE/plugins/com.st.stm32cube.ide.mcu.externaltools.gnu-tools-for-stm32.12.3.rel1.win32_1.0.100.202403111256/tools/bin/../lib/gcc/arm-none-eabi/12.3.1/../../../../arm-none-eabi/lib/thumb/v7e-m+fp/hard\libc_nano.a
END GROUP
START GROUP
LOAD C:/ST/STM32CubeIDE_1.15.0/STM32CubeIDE/plugins/com.st.stm32cube.ide.mcu.externaltools.gnu-tools-for-stm32.12.3.rel1.win32_1.0.100.202403111256/tools/bin/../lib/gcc/arm-none-eabi/12.3.1/thumb/v7e-m+fp/hard\libgcc.a
LOAD C:/ST/STM32CubeIDE_1.15.0/STM32CubeIDE/plugins/com.st.stm32cube.ide.mcu.externaltools.gnu-tools-for-stm32.12.3.rel1.win32_1.0.100.202403111256/tools/bin/../lib/gcc/arm-none-eabi/12.3.1/../../../../arm-none-eabi/lib/thumb/v7e-m+fp/hard\libc_nano.a
LOAD C:/ST/STM32CubeIDE_1.15.0/STM32CubeIDE/plugins/com.st.stm32cube.ide.mcu.externaltools.gnu-tools-for-stm32.12.3.rel1.win32_1.0.100.202403111256/tools/bin/../lib/gcc/arm-none-eabi/12.3.1/../../../../arm-none-eabi/lib/thumb/v7e-m+fp/hard\libnosys.a
END GROUP
START GROUP
LOAD C:/ST/STM32CubeIDE_1.15.0/STM32CubeIDE/plugins/com.st.stm32cube.ide.mcu.externaltools.gnu-tools-for-stm32.12.3.rel1.win32_1.0.100.202403111256/tools/bin/../lib/gcc/arm-none-eabi/12.3.1/thumb/v7e-m+fp/hard\libgcc.a
LOAD C:/ST/STM32CubeIDE_1.15.0/STM32CubeIDE/plugins/com.st.stm32cube.ide.mcu.externaltools.gnu-tools-for-stm32.12.3.rel1.win32_1.0.100.202403111256/tools/bin/../lib/gcc/arm-none-eabi/12.3.1/../../../../arm-none-eabi/lib/thumb/v7e-m+fp/hard\libc_nano.a
LOAD C:/ST/STM32CubeIDE_1.15.0/STM32CubeIDE/plugins/com.st.stm32cube.ide.mcu.externaltools.gnu-tools-for-stm32.12.3.rel1.win32_1.0.100.202403111256/tools/bin/../lib/gcc/arm-none-eabi/12.3.1/../../../../arm-none-eabi/lib/thumb/v7e-m+fp/hard\libnosys.a
END GROUP
LOAD C:/ST/STM32CubeIDE_1.15.0/STM32CubeIDE/plugins/com.st.stm32cube.ide.mcu.externaltools.gnu-tools-for-stm32.12.3.rel1.win32_1.0.100.202403111256/tools/bin/../lib/gcc/arm-none-eabi/12.3.1/thumb/v7e-m+fp/hard/crtend.o
LOAD C:/ST/STM32CubeIDE_1.15.0/STM32CubeIDE/plugins/com.st.stm32cube.ide.mcu.externaltools.gnu-tools-for-stm32.12.3.rel1.win32_1.0.100.202403111256/tools/bin/../lib/gcc/arm-none-eabi/12.3.1/thumb/v7e-m+fp/hard/crtn.o
                0x20018000                        _estack = (ORIGIN (RAM) + LENGTH (RAM))
                0x00000f00                        _Min_Heap_Size = 0xf00
                0x00000f00                        _Min_Stack_Size = 0xf00

.isr_vector     0x08000000      0x188
                0x08000000                        . = ALIGN (0x4)
 *(.isr_vector)
 .isr_vector    0x08000000      0x188 ./Core/Startup/startup_stm32l476rgtx.o
                0x08000000                g_pfnVectors
                0x08000188                        . = ALIGN (0x4)

.text           0x08000190     0x99ac
                0x08000190                        . = ALIGN (0x4)
 *(.text)
 .text          0x08000190       0x40 C:/ST/STM32CubeIDE_1.15.0/STM32CubeIDE/plugins/com.st.stm32cube.ide.mcu.externaltools.gnu-tools-for-stm32.12.3.rel1.win32_1.0.100.202403111256/tools/bin/../lib/gcc/arm-none-eabi/12.3.1/thumb/v7e-m+fp/hard/crtbegin.o
 .text          0x080001d0      0x378 C:/ST/STM32CubeIDE_1.15.0/STM32CubeIDE/plugins/com.st.stm32cube.ide.mcu.externaltools.gnu-tools-for-stm32.12.3.rel1.win32_1.0.100.202403111256/tools/bin/../lib/gcc/arm-none-eabi/12.3.1/thumb/v7e-m+fp/hard\libgcc.a(_arm_addsubdf3.o)
                0x080001d0                __aeabi_drsub
                0x080001d8                __aeabi_dsub
                0x080001d8                __subdf3
                0x080001dc                __aeabi_dadd
                0x080001dc                __adddf3
                0x08000454                __floatunsidf
                0x08000454                __aeabi_ui2d
                0x08000474                __floatsidf
                0x08000474                __aeabi_i2d
                0x08000498                __aeabi_f2d
                0x08000498                __extendsfdf2
                0x080004dc                __floatundidf
                0x080004dc                __aeabi_ul2d
                0x080004ec                __floatdidf
                0x080004ec                __aeabi_l2d
 .text          0x08000548      0x424 C:/ST/STM32CubeIDE_1.15.0/STM32CubeIDE/plugins/com.st.stm32cube.ide.mcu.externaltools.gnu-tools-for-stm32.12.3.rel1.win32_1.0.100.202403111256/tools/bin/../lib/gcc/arm-none-eabi/12.3.1/thumb/v7e-m+fp/hard\libgcc.a(_arm_muldivdf3.o)
                0x08000548                __aeabi_dmul
                0x08000548                __muldf3
                0x0800079c                __divdf3
                0x0800079c                __aeabi_ddiv
 .text          0x0800096c       0x40 C:/ST/STM32CubeIDE_1.15.0/STM32CubeIDE/plugins/com.st.stm32cube.ide.mcu.externaltools.gnu-tools-for-stm32.12.3.rel1.win32_1.0.100.202403111256/tools/bin/../lib/gcc/arm-none-eabi/12.3.1/thumb/v7e-m+fp/hard\libgcc.a(_arm_fixunsdfsi.o)
                0x0800096c                __aeabi_d2uiz
                0x0800096c                __fixunsdfsi
 *(.text*)
 .text.MX_GPIO_Init
                0x080009ac       0xf0 ./Core/Src/gpio.o
                0x080009ac                MX_GPIO_Init
 .text.I2C_GPIO_Init1
                0x08000a9c       0x90 ./Core/Src/i2c.o
                0x08000a9c                I2C_GPIO_Init1
 .text.I2C_GPIO_Init2
                0x08000b2c       0x90 ./Core/Src/i2c.o
                0x08000b2c                I2C_GPIO_Init2
 .text.I2C_init1
                0x08000bbc       0x4c ./Core/Src/i2c.o
                0x08000bbc                I2C_init1
 .text.I2C_init2
                0x08000c08       0x4c ./Core/Src/i2c.o
                0x08000c08                I2C_init2
 .text.N2C_Config1
                0x08000c54       0xf0 ./Core/Src/i2c.o
                0x08000c54                N2C_Config1
 .text.N2C_Read1
                0x08000d44      0x138 ./Core/Src/i2c.o
                0x08000d44                N2C_Read1
 .text.N2C_Config2
                0x08000e7c       0xf0 ./Core/Src/i2c.o
                0x08000e7c                N2C_Config2
 .text.N2C_Read2
                0x08000f6c      0x138 ./Core/Src/i2c.o
                0x08000f6c                N2C_Read2
 .text.N2C_data
                0x080010a4       0x54 ./Core/Src/i2c.o
                0x080010a4                N2C_data
 .text.main     0x080010f8       0x94 ./Core/Src/main.o
                0x080010f8                main
 .text.Task1    0x0800118c       0x8c ./Core/Src/main.o
                0x0800118c                Task1
 .text.Task2    0x08001218       0x4c ./Core/Src/main.o
                0x08001218                Task2
 .text.Task3    0x08001264       0x90 ./Core/Src/main.o
                0x08001264                Task3
 .text.HAL_GPIO_EXTI_Callback
                0x080012f4       0x74 ./Core/Src/main.o
                0x080012f4                HAL_GPIO_EXTI_Callback
 .text.SystemClock_Config
                0x08001368       0xa2 ./Core/Src/main.o
                0x08001368                SystemClock_Config
 *fill*         0x0800140a        0x2 
 .text.HAL_TIM_PeriodElapsedCallback
                0x0800140c       0x24 ./Core/Src/main.o
                0x0800140c                HAL_TIM_PeriodElapsedCallback
 .text.Error_Handler
                0x08001430        0xc ./Core/Src/main.o
                0x08001430                Error_Handler
 .text.MX_SPI1_Init
                0x0800143c       0x7c ./Core/Src/spi.o
                0x0800143c                MX_SPI1_Init
 .text.HAL_SPI_MspInit
                0x080014b8       0xc0 ./Core/Src/spi.o
                0x080014b8                HAL_SPI_MspInit
 .text.SPSGRF_Init
                0x08001578      0x178 ./Core/Src/spsgrf.o
                0x08001578                SPSGRF_Init
 .text.SpiritGotoReadyState
                0x080016f0       0x5c ./Core/Src/spsgrf.o
                0x080016f0                SpiritGotoReadyState
 .text.SPSGRF_StartTx
                0x0800174c       0x4a ./Core/Src/spsgrf.o
                0x0800174c                SPSGRF_StartTx
 *fill*         0x08001796        0x2 
 .text.HAL_MspInit
                0x08001798       0x50 ./Core/Src/stm32l4xx_hal_msp.o
                0x08001798                HAL_MspInit
 .text.HAL_InitTick
                0x080017e8       0xdc ./Core/Src/stm32l4xx_hal_timebase_tim.o
                0x080017e8                HAL_InitTick
 .text.NMI_Handler
                0x080018c4        0x8 ./Core/Src/stm32l4xx_it.o
                0x080018c4                NMI_Handler
 .text.HardFault_Handler
                0x080018cc        0x8 ./Core/Src/stm32l4xx_it.o
                0x080018cc                HardFault_Handler
 .text.MemManage_Handler
                0x080018d4        0x8 ./Core/Src/stm32l4xx_it.o
                0x080018d4                MemManage_Handler
 .text.BusFault_Handler
                0x080018dc        0x8 ./Core/Src/stm32l4xx_it.o
                0x080018dc                BusFault_Handler
 .text.UsageFault_Handler
                0x080018e4        0x8 ./Core/Src/stm32l4xx_it.o
                0x080018e4                UsageFault_Handler
 .text.DebugMon_Handler
                0x080018ec        0xe ./Core/Src/stm32l4xx_it.o
                0x080018ec                DebugMon_Handler
 .text.EXTI9_5_IRQHandler
                0x080018fa        0xe ./Core/Src/stm32l4xx_it.o
                0x080018fa                EXTI9_5_IRQHandler
 .text.TIM1_TRG_COM_TIM17_IRQHandler
                0x08001908       0x14 ./Core/Src/stm32l4xx_it.o
                0x08001908                TIM1_TRG_COM_TIM17_IRQHandler
 .text.SystemInit
                0x0800191c       0x24 ./Core/Src/system_stm32l4xx.o
                0x0800191c                SystemInit
 .text.UART_Init
                0x08001940       0xa4 ./Core/Src/uart.o
                0x08001940                UART_Init
 .text.Reset_Handler
                0x080019e4       0x50 ./Core/Startup/startup_stm32l476rgtx.o
                0x080019e4                Reset_Handler
 .text.Default_Handler
                0x08001a34        0x2 ./Core/Startup/startup_stm32l476rgtx.o
                0x08001a34                RTC_Alarm_IRQHandler
                0x08001a34                EXTI2_IRQHandler
                0x08001a34                TIM8_TRG_COM_IRQHandler
                0x08001a34                TIM8_CC_IRQHandler
                0x08001a34                TIM1_CC_IRQHandler
                0x08001a34                TSC_IRQHandler
                0x08001a34                TAMP_STAMP_IRQHandler
                0x08001a34                EXTI3_IRQHandler
                0x08001a34                LPTIM2_IRQHandler
                0x08001a34                DFSDM1_FLT1_IRQHandler
                0x08001a34                I2C3_ER_IRQHandler
                0x08001a34                DFSDM1_FLT2_IRQHandler
                0x08001a34                EXTI0_IRQHandler
                0x08001a34                I2C2_EV_IRQHandler
                0x08001a34                CAN1_RX0_IRQHandler
                0x08001a34                FPU_IRQHandler
                0x08001a34                TIM1_UP_TIM16_IRQHandler
                0x08001a34                ADC1_2_IRQHandler
                0x08001a34                SPI1_IRQHandler
                0x08001a34                TIM6_DAC_IRQHandler
                0x08001a34                TIM8_UP_IRQHandler
                0x08001a34                DMA2_Channel2_IRQHandler
                0x08001a34                DMA1_Channel4_IRQHandler
                0x08001a34                SAI2_IRQHandler
                0x08001a34                DFSDM1_FLT3_IRQHandler
                0x08001a34                USART3_IRQHandler
                0x08001a34                DMA1_Channel7_IRQHandler
                0x08001a34                CAN1_RX1_IRQHandler
                0x08001a34                LCD_IRQHandler
                0x08001a34                UART5_IRQHandler
                0x08001a34                ADC3_IRQHandler
                0x08001a34                TIM4_IRQHandler
                0x08001a34                DMA2_Channel1_IRQHandler
                0x08001a34                QUADSPI_IRQHandler
                0x08001a34                I2C1_EV_IRQHandler
                0x08001a34                DMA1_Channel6_IRQHandler
                0x08001a34                UART4_IRQHandler
                0x08001a34                DMA2_Channel4_IRQHandler
                0x08001a34                TIM3_IRQHandler
                0x08001a34                RCC_IRQHandler
                0x08001a34                DMA1_Channel1_IRQHandler
                0x08001a34                Default_Handler
                0x08001a34                DMA2_Channel7_IRQHandler
                0x08001a34                EXTI15_10_IRQHandler
                0x08001a34                TIM7_IRQHandler
                0x08001a34                SDMMC1_IRQHandler
                0x08001a34                TIM5_IRQHandler
                0x08001a34                I2C3_EV_IRQHandler
                0x08001a34                RTC_WKUP_IRQHandler
                0x08001a34                PVD_PVM_IRQHandler
                0x08001a34                SPI2_IRQHandler
                0x08001a34                CAN1_TX_IRQHandler
                0x08001a34                DMA2_Channel5_IRQHandler
                0x08001a34                DMA1_Channel5_IRQHandler
                0x08001a34                EXTI4_IRQHandler
                0x08001a34                RNG_IRQHandler
                0x08001a34                DMA1_Channel3_IRQHandler
                0x08001a34                COMP_IRQHandler
                0x08001a34                WWDG_IRQHandler
                0x08001a34                LPUART1_IRQHandler
                0x08001a34                DMA2_Channel6_IRQHandler
                0x08001a34                TIM2_IRQHandler
                0x08001a34                EXTI1_IRQHandler
                0x08001a34                USART2_IRQHandler
                0x08001a34                DFSDM1_FLT0_IRQHandler
                0x08001a34                I2C2_ER_IRQHandler
                0x08001a34                DMA1_Channel2_IRQHandler
                0x08001a34                TIM8_BRK_IRQHandler
                0x08001a34                CAN1_SCE_IRQHandler
                0x08001a34                FLASH_IRQHandler
                0x08001a34                USART1_IRQHandler
                0x08001a34                OTG_FS_IRQHandler
                0x08001a34                SPI3_IRQHandler
                0x08001a34                I2C1_ER_IRQHandler
                0x08001a34                FMC_IRQHandler
                0x08001a34                SWPMI1_IRQHandler
                0x08001a34                LPTIM1_IRQHandler
                0x08001a34                SAI1_IRQHandler
                0x08001a34                DMA2_Channel3_IRQHandler
                0x08001a34                TIM1_BRK_TIM15_IRQHandler
 *fill*         0x08001a36        0x2 
 .text.SpiritCalibrationVco
                0x08001a38       0x70 ./Drivers/BSP/Components/spirit1/SPIRIT1_Library/Src/SPIRIT_Calibration.o
                0x08001a38                SpiritCalibrationVco
 .text.SpiritCalibrationGetVcoCalData
                0x08001aa8       0x38 ./Drivers/BSP/Components/spirit1/SPIRIT1_Library/Src/SPIRIT_Calibration.o
                0x08001aa8                SpiritCalibrationGetVcoCalData
 .text.SpiritCalibrationSetVcoCalDataTx
                0x08001ae0       0x68 ./Drivers/BSP/Components/spirit1/SPIRIT1_Library/Src/SPIRIT_Calibration.o
                0x08001ae0                SpiritCalibrationSetVcoCalDataTx
 .text.SpiritCalibrationSetVcoCalDataRx
                0x08001b48       0x68 ./Drivers/BSP/Components/spirit1/SPIRIT1_Library/Src/SPIRIT_Calibration.o
                0x08001b48                SpiritCalibrationSetVcoCalDataRx
 .text.SpiritCalibrationSelectVco
                0x08001bb0       0x54 ./Drivers/BSP/Components/spirit1/SPIRIT1_Library/Src/SPIRIT_Calibration.o
                0x08001bb0                SpiritCalibrationSelectVco
 .text.SpiritCmdStrobeCommand
                0x08001c04       0x30 ./Drivers/BSP/Components/spirit1/SPIRIT1_Library/Src/SPIRIT_Commands.o
                0x08001c04                SpiritCmdStrobeCommand
 .text.SpiritGpioInit
                0x08001c34       0x48 ./Drivers/BSP/Components/spirit1/SPIRIT1_Library/Src/SPIRIT_Gpio.o
                0x08001c34                SpiritGpioInit
 .text.SpiritIrqDeInit
                0x08001c7c       0x58 ./Drivers/BSP/Components/spirit1/SPIRIT1_Library/Src/SPIRIT_Irq.o
                0x08001c7c                SpiritIrqDeInit
 .text.SpiritIrq
                0x08001cd4       0xcc ./Drivers/BSP/Components/spirit1/SPIRIT1_Library/Src/SPIRIT_Irq.o
                0x08001cd4                SpiritIrq
 .text.SpiritIrqGetStatus
                0x08001da0       0x64 ./Drivers/BSP/Components/spirit1/SPIRIT1_Library/Src/SPIRIT_Irq.o
                0x08001da0                SpiritIrqGetStatus
 .text.SpiritIrqClearStatus
                0x08001e04       0x30 ./Drivers/BSP/Components/spirit1/SPIRIT1_Library/Src/SPIRIT_Irq.o
                0x08001e04                SpiritIrqClearStatus
 .text.SpiritManagementSetFrequencyBase
                0x08001e34      0x204 ./Drivers/BSP/Components/spirit1/SPIRIT1_Library/Src/SPIRIT_Management.o
                0x08001e34                SpiritManagementSetFrequencyBase
 .text.SpiritManagementWaVcoCalibration
                0x08002038      0x180 ./Drivers/BSP/Components/spirit1/SPIRIT1_Library/Src/SPIRIT_Management.o
                0x08002038                SpiritManagementWaVcoCalibration
 .text.SpiritManagementWaCmdStrobeTx
                0x080021b8       0x70 ./Drivers/BSP/Components/spirit1/SPIRIT1_Library/Src/SPIRIT_Management.o
                0x080021b8                SpiritManagementWaCmdStrobeTx
 .text.SpiritManagementWaCmdStrobeRx
                0x08002228       0x38 ./Drivers/BSP/Components/spirit1/SPIRIT1_Library/Src/SPIRIT_Management.o
                0x08002228                SpiritManagementWaCmdStrobeRx
 .text.SpiritManagementWaTRxFcMem
                0x08002260       0x28 ./Drivers/BSP/Components/spirit1/SPIRIT1_Library/Src/SPIRIT_Management.o
                0x08002260                SpiritManagementWaTRxFcMem
 .text.SpiritManagementWaExtraCurrent
                0x08002288       0x4a ./Drivers/BSP/Components/spirit1/SPIRIT1_Library/Src/SPIRIT_Management.o
                0x08002288                SpiritManagementWaExtraCurrent
 *fill*         0x080022d2        0x2 
 .text.SpiritPktCommonGetControlLength
                0x080022d4       0x38 ./Drivers/BSP/Components/spirit1/SPIRIT1_Library/Src/SPIRIT_PktCommon.o
                0x080022d4                SpiritPktCommonGetControlLength
 .text.SpiritPktCommonFilterOnCrc
                0x0800230c       0x70 ./Drivers/BSP/Components/spirit1/SPIRIT1_Library/Src/SPIRIT_PktCommon.o
                0x0800230c                SpiritPktCommonFilterOnCrc
 .text.SpiritPktCommonSetDestinationAddress
                0x0800237c       0x34 ./Drivers/BSP/Components/spirit1/SPIRIT1_Library/Src/SPIRIT_PktCommon.o
                0x0800237c                SpiritPktCommonSetDestinationAddress
 .text.SpiritPktCommonSetMyAddress
                0x080023b0       0x34 ./Drivers/BSP/Components/spirit1/SPIRIT1_Library/Src/SPIRIT_PktCommon.o
                0x080023b0                SpiritPktCommonSetMyAddress
 .text.SpiritPktStackInit
                0x080023e4      0x1a0 ./Drivers/BSP/Components/spirit1/SPIRIT1_Library/Src/SPIRIT_PktStack.o
                0x080023e4                SpiritPktStackInit
 .text.SpiritPktStackAddressesInit
                0x08002584       0xdc ./Drivers/BSP/Components/spirit1/SPIRIT1_Library/Src/SPIRIT_PktStack.o
                0x08002584                SpiritPktStackAddressesInit
 .text.SpiritPktStackLlpInit
                0x08002660       0xa4 ./Drivers/BSP/Components/spirit1/SPIRIT1_Library/Src/SPIRIT_PktStack.o
                0x08002660                SpiritPktStackLlpInit
 .text.SpiritPktStackSetPayloadLength
                0x08002704       0x58 ./Drivers/BSP/Components/spirit1/SPIRIT1_Library/Src/SPIRIT_PktStack.o
                0x08002704                SpiritPktStackSetPayloadLength
 .text.SpiritQiSqiCheck
                0x0800275c       0x70 ./Drivers/BSP/Components/spirit1/SPIRIT1_Library/Src/SPIRIT_Qi.o
                0x0800275c                SpiritQiSqiCheck
 .text.SpiritQiSetSqiThreshold
                0x080027cc       0x68 ./Drivers/BSP/Components/spirit1/SPIRIT1_Library/Src/SPIRIT_Qi.o
                0x080027cc                SpiritQiSetSqiThreshold
 .text.SpiritQiSetRssiThresholddBm
                0x08002834       0x40 ./Drivers/BSP/Components/spirit1/SPIRIT1_Library/Src/SPIRIT_Qi.o
                0x08002834                SpiritQiSetRssiThresholddBm
 .text.SpiritRadioInit
                0x08002874      0x3c8 ./Drivers/BSP/Components/spirit1/SPIRIT1_Library/Src/SPIRIT_Radio.o
                0x08002874                SpiritRadioInit
 .text.SpiritRadioSetXtalFlag
                0x08002c3c       0x74 ./Drivers/BSP/Components/spirit1/SPIRIT1_Library/Src/SPIRIT_Radio.o
                0x08002c3c                SpiritRadioSetXtalFlag
 .text.SpiritRadioSearchWCP
                0x08002cb0      0x128 ./Drivers/BSP/Components/spirit1/SPIRIT1_Library/Src/SPIRIT_Radio.o
                0x08002cb0                SpiritRadioSearchWCP
 .text.SpiritRadioGetSynthWord
                0x08002dd8       0x4c ./Drivers/BSP/Components/spirit1/SPIRIT1_Library/Src/SPIRIT_Radio.o
                0x08002dd8                SpiritRadioGetSynthWord
 .text.SpiritRadioGetBand
                0x08002e24       0x5c ./Drivers/BSP/Components/spirit1/SPIRIT1_Library/Src/SPIRIT_Radio.o
                0x08002e24                SpiritRadioGetBand
 .text.SpiritRadioGetChannel
                0x08002e80       0x30 ./Drivers/BSP/Components/spirit1/SPIRIT1_Library/Src/SPIRIT_Radio.o
                0x08002e80                SpiritRadioGetChannel
 .text.SpiritRadioGetChannelSpace
                0x08002eb0       0x40 ./Drivers/BSP/Components/spirit1/SPIRIT1_Library/Src/SPIRIT_Radio.o
                0x08002eb0                SpiritRadioGetChannelSpace
 .text.SpiritRadioGetFrequencyOffset
                0x08002ef0       0x84 ./Drivers/BSP/Components/spirit1/SPIRIT1_Library/Src/SPIRIT_Radio.o
                0x08002ef0                SpiritRadioGetFrequencyOffset
 .text.SpiritRadioSetFrequencyBase
                0x08002f74      0x23c ./Drivers/BSP/Components/spirit1/SPIRIT1_Library/Src/SPIRIT_Radio.o
                0x08002f74                SpiritRadioSetFrequencyBase
 .text.SpiritRadioGetFrequencyBase
                0x080031b0       0x98 ./Drivers/BSP/Components/spirit1/SPIRIT1_Library/Src/SPIRIT_Radio.o
                0x080031b0                SpiritRadioGetFrequencyBase
 .text.SpiritRadioSearchDatarateME
                0x08003248      0x164 ./Drivers/BSP/Components/spirit1/SPIRIT1_Library/Src/SPIRIT_Radio.o
                0x08003248                SpiritRadioSearchDatarateME
 .text.SpiritRadioSearchChannelBwME
                0x080033ac      0x1cc ./Drivers/BSP/Components/spirit1/SPIRIT1_Library/Src/SPIRIT_Radio.o
                0x080033ac                SpiritRadioSearchChannelBwME
 .text.SpiritRadioSearchFreqDevME
                0x08003578      0x170 ./Drivers/BSP/Components/spirit1/SPIRIT1_Library/Src/SPIRIT_Radio.o
                0x08003578                SpiritRadioSearchFreqDevME
 .text.SpiritRadioGetdBm2Reg
                0x080036e8      0x21c ./Drivers/BSP/Components/spirit1/SPIRIT1_Library/Src/SPIRIT_Radio.o
                0x080036e8                SpiritRadioGetdBm2Reg
 .text.SpiritRadioSetPALeveldBm
                0x08003904       0x54 ./Drivers/BSP/Components/spirit1/SPIRIT1_Library/Src/SPIRIT_Radio.o
                0x08003904                SpiritRadioSetPALeveldBm
 .text.SpiritRadioSetPACwc
                0x08003958       0x58 ./Drivers/BSP/Components/spirit1/SPIRIT1_Library/Src/SPIRIT_Radio.o
                0x08003958                SpiritRadioSetPACwc
 .text.SpiritRadioSetPALevelMaxIndex
                0x080039b0       0x58 ./Drivers/BSP/Components/spirit1/SPIRIT1_Library/Src/SPIRIT_Radio.o
                0x080039b0                SpiritRadioSetPALevelMaxIndex
 .text.SpiritRadioAFCFreezeOnSync
                0x08003a08       0x64 ./Drivers/BSP/Components/spirit1/SPIRIT1_Library/Src/SPIRIT_Radio.o
                0x08003a08                SpiritRadioAFCFreezeOnSync
 .text.SpiritRadioSetRefDiv
                0x08003a6c       0x60 ./Drivers/BSP/Components/spirit1/SPIRIT1_Library/Src/SPIRIT_Radio.o
                0x08003a6c                SpiritRadioSetRefDiv
 .text.SpiritRadioGetRefDiv
                0x08003acc       0x44 ./Drivers/BSP/Components/spirit1/SPIRIT1_Library/Src/SPIRIT_Radio.o
                0x08003acc                SpiritRadioGetRefDiv
 .text.SpiritRadioSetDigDiv
                0x08003b10       0x60 ./Drivers/BSP/Components/spirit1/SPIRIT1_Library/Src/SPIRIT_Radio.o
                0x08003b10                SpiritRadioSetDigDiv
 .text.SpiritRadioGetDigDiv
                0x08003b70       0x44 ./Drivers/BSP/Components/spirit1/SPIRIT1_Library/Src/SPIRIT_Radio.o
                0x08003b70                SpiritRadioGetDigDiv
 .text.SpiritRadioGetXtalFrequency
                0x08003bb4       0x18 ./Drivers/BSP/Components/spirit1/SPIRIT1_Library/Src/SPIRIT_Radio.o
                0x08003bb4                SpiritRadioGetXtalFrequency
 .text.SpiritRadioSetXtalFrequency
                0x08003bcc       0x20 ./Drivers/BSP/Components/spirit1/SPIRIT1_Library/Src/SPIRIT_Radio.o
                0x08003bcc                SpiritRadioSetXtalFrequency
 .text.SpiritTimerSetRxTimeoutMs
                0x08003bec       0x4c ./Drivers/BSP/Components/spirit1/SPIRIT1_Library/Src/SPIRIT_Timer.o
                0x08003bec                SpiritTimerSetRxTimeoutMs
 .text.SpiritTimerComputeRxTimeoutValues
                0x08003c38      0x268 ./Drivers/BSP/Components/spirit1/SPIRIT1_Library/Src/SPIRIT_Timer.o
                0x08003c38                SpiritTimerComputeRxTimeoutValues
 .text.SpiritTimerSetRxTimeoutStopCondition
                0x08003ea0       0x90 ./Drivers/BSP/Components/spirit1/SPIRIT1_Library/Src/SPIRIT_Timer.o
                0x08003ea0                SpiritTimerSetRxTimeoutStopCondition
 .text.SpiritRefreshStatus
                0x08003f30       0x44 ./Drivers/BSP/Components/spirit1/SPIRIT1_Library/Src/SPIRIT_Types.o
                0x08003f30                SpiritRefreshStatus
 .text.RadioSpiInit
                0x08003f74       0x20 ./Drivers/BSP/Components/spirit1/radio_target.o
                0x08003f74                RadioSpiInit
 .text.RadioSpiWriteRegisters
                0x08003f94       0x98 ./Drivers/BSP/Components/spirit1/radio_target.o
                0x08003f94                RadioSpiWriteRegisters
 .text.RadioSpiReadRegisters
                0x0800402c       0x98 ./Drivers/BSP/Components/spirit1/radio_target.o
                0x0800402c                RadioSpiReadRegisters
 .text.RadioSpiCommandStrobes
                0x080040c4       0x80 ./Drivers/BSP/Components/spirit1/radio_target.o
                0x080040c4                RadioSpiCommandStrobes
 .text.RadioSpiWriteFifo
                0x08004144       0x90 ./Drivers/BSP/Components/spirit1/radio_target.o
                0x08004144                RadioSpiWriteFifo
 .text.RadioEnterShutdown
                0x080041d4       0x16 ./Drivers/BSP/Components/spirit1/radio_target.o
                0x080041d4                RadioEnterShutdown
 .text.RadioExitShutdown
                0x080041ea       0x32 ./Drivers/BSP/Components/spirit1/radio_target.o
                0x080041ea                RadioExitShutdown
 .text.HAL_Init
                0x0800421c       0x30 ./Drivers/STM32L4xx_HAL_Driver/Src/stm32l4xx_hal.o
                0x0800421c                HAL_Init
 .text.HAL_IncTick
                0x0800424c       0x28 ./Drivers/STM32L4xx_HAL_Driver/Src/stm32l4xx_hal.o
                0x0800424c                HAL_IncTick
 .text.HAL_GetTick
                0x08004274       0x18 ./Drivers/STM32L4xx_HAL_Driver/Src/stm32l4xx_hal.o
                0x08004274                HAL_GetTick
 .text.__NVIC_SetPriorityGrouping
                0x0800428c       0x48 ./Drivers/STM32L4xx_HAL_Driver/Src/stm32l4xx_hal_cortex.o
 .text.__NVIC_GetPriorityGrouping
                0x080042d4       0x1c ./Drivers/STM32L4xx_HAL_Driver/Src/stm32l4xx_hal_cortex.o
 .text.__NVIC_EnableIRQ
                0x080042f0       0x3c ./Drivers/STM32L4xx_HAL_Driver/Src/stm32l4xx_hal_cortex.o
 .text.__NVIC_DisableIRQ
                0x0800432c       0x48 ./Drivers/STM32L4xx_HAL_Driver/Src/stm32l4xx_hal_cortex.o
 .text.__NVIC_SetPriority
                0x08004374       0x54 ./Drivers/STM32L4xx_HAL_Driver/Src/stm32l4xx_hal_cortex.o
 .text.NVIC_EncodePriority
                0x080043c8       0x66 ./Drivers/STM32L4xx_HAL_Driver/Src/stm32l4xx_hal_cortex.o
 .text.HAL_NVIC_SetPriorityGrouping
                0x0800442e       0x16 ./Drivers/STM32L4xx_HAL_Driver/Src/stm32l4xx_hal_cortex.o
                0x0800442e                HAL_NVIC_SetPriorityGrouping
 .text.HAL_NVIC_SetPriority
                0x08004444       0x38 ./Drivers/STM32L4xx_HAL_Driver/Src/stm32l4xx_hal_cortex.o
                0x08004444                HAL_NVIC_SetPriority
 .text.HAL_NVIC_EnableIRQ
                0x0800447c       0x1c ./Drivers/STM32L4xx_HAL_Driver/Src/stm32l4xx_hal_cortex.o
                0x0800447c                HAL_NVIC_EnableIRQ
 .text.HAL_NVIC_DisableIRQ
                0x08004498       0x1c ./Drivers/STM32L4xx_HAL_Driver/Src/stm32l4xx_hal_cortex.o
                0x08004498                HAL_NVIC_DisableIRQ
 .text.HAL_GPIO_Init
                0x080044b4      0x354 ./Drivers/STM32L4xx_HAL_Driver/Src/stm32l4xx_hal_gpio.o
                0x080044b4                HAL_GPIO_Init
 .text.HAL_GPIO_WritePin
                0x08004808       0x30 ./Drivers/STM32L4xx_HAL_Driver/Src/stm32l4xx_hal_gpio.o
                0x08004808                HAL_GPIO_WritePin
 .text.HAL_GPIO_EXTI_IRQHandler
                0x08004838       0x30 ./Drivers/STM32L4xx_HAL_Driver/Src/stm32l4xx_hal_gpio.o
                0x08004838                HAL_GPIO_EXTI_IRQHandler
 .text.HAL_PWREx_GetVoltageRange
                0x08004868       0x1c ./Drivers/STM32L4xx_HAL_Driver/Src/stm32l4xx_hal_pwr_ex.o
                0x08004868                HAL_PWREx_GetVoltageRange
 .text.HAL_PWREx_ControlVoltageScaling
                0x08004884       0xac ./Drivers/STM32L4xx_HAL_Driver/Src/stm32l4xx_hal_pwr_ex.o
                0x08004884                HAL_PWREx_ControlVoltageScaling
 .text.HAL_RCC_OscConfig
                0x08004930      0x7b8 ./Drivers/STM32L4xx_HAL_Driver/Src/stm32l4xx_hal_rcc.o
                0x08004930                HAL_RCC_OscConfig
 .text.HAL_RCC_ClockConfig
                0x080050e8      0x200 ./Drivers/STM32L4xx_HAL_Driver/Src/stm32l4xx_hal_rcc.o
                0x080050e8                HAL_RCC_ClockConfig
 .text.HAL_RCC_GetSysClockFreq
                0x080052e8      0x118 ./Drivers/STM32L4xx_HAL_Driver/Src/stm32l4xx_hal_rcc.o
                0x080052e8                HAL_RCC_GetSysClockFreq
 .text.HAL_RCC_GetHCLKFreq
                0x08005400       0x18 ./Drivers/STM32L4xx_HAL_Driver/Src/stm32l4xx_hal_rcc.o
                0x08005400                HAL_RCC_GetHCLKFreq
 .text.HAL_RCC_GetPCLK2Freq
                0x08005418       0x2c ./Drivers/STM32L4xx_HAL_Driver/Src/stm32l4xx_hal_rcc.o
                0x08005418                HAL_RCC_GetPCLK2Freq
 .text.HAL_RCC_GetClockConfig
                0x08005444       0x64 ./Drivers/STM32L4xx_HAL_Driver/Src/stm32l4xx_hal_rcc.o
                0x08005444                HAL_RCC_GetClockConfig
 .text.RCC_SetFlashLatencyFromMSIRange
                0x080054a8       0xc0 ./Drivers/STM32L4xx_HAL_Driver/Src/stm32l4xx_hal_rcc.o
 .text.HAL_SPI_Init
                0x08005568      0x146 ./Drivers/STM32L4xx_HAL_Driver/Src/stm32l4xx_hal_spi.o
                0x08005568                HAL_SPI_Init
 .text.HAL_SPI_Transmit
                0x080056ae      0x2ea ./Drivers/STM32L4xx_HAL_Driver/Src/stm32l4xx_hal_spi.o
                0x080056ae                HAL_SPI_Transmit
 .text.HAL_SPI_Receive
                0x08005998      0x26e ./Drivers/STM32L4xx_HAL_Driver/Src/stm32l4xx_hal_spi.o
                0x08005998                HAL_SPI_Receive
 .text.HAL_SPI_TransmitReceive
                0x08005c06      0x444 ./Drivers/STM32L4xx_HAL_Driver/Src/stm32l4xx_hal_spi.o
                0x08005c06                HAL_SPI_TransmitReceive
 *fill*         0x0800604a        0x2 
 .text.SPI_WaitFlagStateUntilTimeout
                0x0800604c      0x110 ./Drivers/STM32L4xx_HAL_Driver/Src/stm32l4xx_hal_spi.o
 .text.SPI_WaitFifoStateUntilTimeout
                0x0800615c      0x12c ./Drivers/STM32L4xx_HAL_Driver/Src/stm32l4xx_hal_spi.o
 .text.SPI_EndRxTransaction
                0x08006288       0xb0 ./Drivers/STM32L4xx_HAL_Driver/Src/stm32l4xx_hal_spi.o
 .text.SPI_EndRxTxTransaction
                0x08006338       0x8c ./Drivers/STM32L4xx_HAL_Driver/Src/stm32l4xx_hal_spi.o
 .text.HAL_TIM_Base_Init
                0x080063c4       0xae ./Drivers/STM32L4xx_HAL_Driver/Src/stm32l4xx_hal_tim.o
                0x080063c4                HAL_TIM_Base_Init
 .text.HAL_TIM_Base_MspInit
                0x08006472       0x14 ./Drivers/STM32L4xx_HAL_Driver/Src/stm32l4xx_hal_tim.o
                0x08006472                HAL_TIM_Base_MspInit
 *fill*         0x08006486        0x2 
 .text.HAL_TIM_Base_Start_IT
                0x08006488       0xe0 ./Drivers/STM32L4xx_HAL_Driver/Src/stm32l4xx_hal_tim.o
                0x08006488                HAL_TIM_Base_Start_IT
 .text.HAL_TIM_IRQHandler
                0x08006568      0x204 ./Drivers/STM32L4xx_HAL_Driver/Src/stm32l4xx_hal_tim.o
                0x08006568                HAL_TIM_IRQHandler
 .text.HAL_TIM_OC_DelayElapsedCallback
                0x0800676c       0x14 ./Drivers/STM32L4xx_HAL_Driver/Src/stm32l4xx_hal_tim.o
                0x0800676c                HAL_TIM_OC_DelayElapsedCallback
 .text.HAL_TIM_IC_CaptureCallback
                0x08006780       0x14 ./Drivers/STM32L4xx_HAL_Driver/Src/stm32l4xx_hal_tim.o
                0x08006780                HAL_TIM_IC_CaptureCallback
 .text.HAL_TIM_PWM_PulseFinishedCallback
                0x08006794       0x14 ./Drivers/STM32L4xx_HAL_Driver/Src/stm32l4xx_hal_tim.o
                0x08006794                HAL_TIM_PWM_PulseFinishedCallback
 .text.HAL_TIM_TriggerCallback
                0x080067a8       0x14 ./Drivers/STM32L4xx_HAL_Driver/Src/stm32l4xx_hal_tim.o
                0x080067a8                HAL_TIM_TriggerCallback
 .text.TIM_Base_SetConfig
                0x080067bc      0x134 ./Drivers/STM32L4xx_HAL_Driver/Src/stm32l4xx_hal_tim.o
                0x080067bc                TIM_Base_SetConfig
 .text.HAL_TIMEx_CommutCallback
                0x080068f0       0x14 ./Drivers/STM32L4xx_HAL_Driver/Src/stm32l4xx_hal_tim_ex.o
                0x080068f0                HAL_TIMEx_CommutCallback
 .text.HAL_TIMEx_BreakCallback
                0x08006904       0x14 ./Drivers/STM32L4xx_HAL_Driver/Src/stm32l4xx_hal_tim_ex.o
                0x08006904                HAL_TIMEx_BreakCallback
 .text.HAL_TIMEx_Break2Callback
                0x08006918       0x14 ./Drivers/STM32L4xx_HAL_Driver/Src/stm32l4xx_hal_tim_ex.o
                0x08006918                HAL_TIMEx_Break2Callback
 .text.SysTick_Handler
                0x0800692c       0x20 ./Middlewares/Third_Party/FreeRTOS/Source/CMSIS_RTOS_V2/cmsis_os2.o
                0x0800692c                SysTick_Handler
 .text.vApplicationGetIdleTaskMemory
                0x0800694c       0x34 ./Middlewares/Third_Party/FreeRTOS/Source/CMSIS_RTOS_V2/cmsis_os2.o
                0x0800694c                vApplicationGetIdleTaskMemory
 .text.vApplicationGetTimerTaskMemory
                0x08006980       0x34 ./Middlewares/Third_Party/FreeRTOS/Source/CMSIS_RTOS_V2/cmsis_os2.o
                0x08006980                vApplicationGetTimerTaskMemory
 .text.vListInitialise
                0x080069b4       0x40 ./Middlewares/Third_Party/FreeRTOS/Source/list.o
                0x080069b4                vListInitialise
 .text.vListInitialiseItem
                0x080069f4       0x1a ./Middlewares/Third_Party/FreeRTOS/Source/list.o
                0x080069f4                vListInitialiseItem
 .text.vListInsertEnd
                0x08006a0e       0x48 ./Middlewares/Third_Party/FreeRTOS/Source/list.o
                0x08006a0e                vListInsertEnd
 .text.vListInsert
                0x08006a56       0x72 ./Middlewares/Third_Party/FreeRTOS/Source/list.o
                0x08006a56                vListInsert
 .text.uxListRemove
                0x08006ac8       0x54 ./Middlewares/Third_Party/FreeRTOS/Source/list.o
                0x08006ac8                uxListRemove
 .text.xQueueGenericReset
                0x08006b1c       0xd4 ./Middlewares/Third_Party/FreeRTOS/Source/queue.o
                0x08006b1c                xQueueGenericReset
 .text.xQueueGenericCreateStatic
                0x08006bf0       0xfa ./Middlewares/Third_Party/FreeRTOS/Source/queue.o
                0x08006bf0                xQueueGenericCreateStatic
 .text.xQueueGenericCreate
                0x08006cea       0x76 ./Middlewares/Third_Party/FreeRTOS/Source/queue.o
                0x08006cea                xQueueGenericCreate
 .text.prvInitialiseNewQueue
                0x08006d60       0x46 ./Middlewares/Third_Party/FreeRTOS/Source/queue.o
 .text.prvInitialiseMutex
                0x08006da6       0x34 ./Middlewares/Third_Party/FreeRTOS/Source/queue.o
 .text.xQueueCreateMutex
                0x08006dda       0x30 ./Middlewares/Third_Party/FreeRTOS/Source/queue.o
                0x08006dda                xQueueCreateMutex
 *fill*         0x08006e0a        0x2 
 .text.xQueueGenericSend
                0x08006e0c      0x204 ./Middlewares/Third_Party/FreeRTOS/Source/queue.o
                0x08006e0c                xQueueGenericSend
 .text.xQueueGenericSendFromISR
                0x08007010      0x13c ./Middlewares/Third_Party/FreeRTOS/Source/queue.o
                0x08007010                xQueueGenericSendFromISR
 .text.xQueueReceive
                0x0800714c      0x1c4 ./Middlewares/Third_Party/FreeRTOS/Source/queue.o
                0x0800714c                xQueueReceive
 .text.xQueueSemaphoreTake
                0x08007310      0x220 ./Middlewares/Third_Party/FreeRTOS/Source/queue.o
                0x08007310                xQueueSemaphoreTake
 .text.prvGetDisinheritPriorityAfterTimeout
                0x08007530       0x30 ./Middlewares/Third_Party/FreeRTOS/Source/queue.o
 .text.prvCopyDataToQueue
                0x08007560       0xd4 ./Middlewares/Third_Party/FreeRTOS/Source/queue.o
 .text.prvCopyDataFromQueue
                0x08007634       0x4c ./Middlewares/Third_Party/FreeRTOS/Source/queue.o
 .text.prvUnlockQueue
                0x08007680       0xa4 ./Middlewares/Third_Party/FreeRTOS/Source/queue.o
 .text.prvIsQueueEmpty
                0x08007724       0x2c ./Middlewares/Third_Party/FreeRTOS/Source/queue.o
 .text.prvIsQueueFull
                0x08007750       0x30 ./Middlewares/Third_Party/FreeRTOS/Source/queue.o
 .text.vQueueAddToRegistry
                0x08007780       0x54 ./Middlewares/Third_Party/FreeRTOS/Source/queue.o
                0x08007780                vQueueAddToRegistry
 .text.vQueueWaitForMessageRestricted
                0x080077d4       0x68 ./Middlewares/Third_Party/FreeRTOS/Source/queue.o
                0x080077d4                vQueueWaitForMessageRestricted
 .text.xTaskCreateStatic
                0x0800783c       0xc0 ./Middlewares/Third_Party/FreeRTOS/Source/tasks.o
                0x0800783c                xTaskCreateStatic
 .text.xTaskCreate
                0x080078fc       0x8a ./Middlewares/Third_Party/FreeRTOS/Source/tasks.o
                0x080078fc                xTaskCreate
 *fill*         0x08007986        0x2 
 .text.prvInitialiseNewTask
                0x08007988      0x150 ./Middlewares/Third_Party/FreeRTOS/Source/tasks.o
 .text.prvAddNewTaskToReadyList
                0x08007ad8       0xe0 ./Middlewares/Third_Party/FreeRTOS/Source/tasks.o
 .text.vTaskDelete
                0x08007bb8       0xe8 ./Middlewares/Third_Party/FreeRTOS/Source/tasks.o
                0x08007bb8                vTaskDelete
 .text.vTaskDelay
                0x08007ca0       0x6c ./Middlewares/Third_Party/FreeRTOS/Source/tasks.o
                0x08007ca0                vTaskDelay
 .text.vTaskStartScheduler
                0x08007d0c       0xe0 ./Middlewares/Third_Party/FreeRTOS/Source/tasks.o
                0x08007d0c                vTaskStartScheduler
 .text.vTaskSuspendAll
                0x08007dec       0x1c ./Middlewares/Third_Party/FreeRTOS/Source/tasks.o
                0x08007dec                vTaskSuspendAll
 .text.xTaskResumeAll
                0x08007e08      0x13c ./Middlewares/Third_Party/FreeRTOS/Source/tasks.o
                0x08007e08                xTaskResumeAll
 .text.xTaskGetTickCount
                0x08007f44       0x20 ./Middlewares/Third_Party/FreeRTOS/Source/tasks.o
                0x08007f44                xTaskGetTickCount
 .text.xTaskIncrementTick
                0x08007f64      0x174 ./Middlewares/Third_Party/FreeRTOS/Source/tasks.o
                0x08007f64                xTaskIncrementTick
 .text.vTaskSwitchContext
                0x080080d8       0xcc ./Middlewares/Third_Party/FreeRTOS/Source/tasks.o
                0x080080d8                vTaskSwitchContext
 .text.vTaskPlaceOnEventList
                0x080081a4       0x4c ./Middlewares/Third_Party/FreeRTOS/Source/tasks.o
                0x080081a4                vTaskPlaceOnEventList
 .text.vTaskPlaceOnEventListRestricted
                0x080081f0       0x58 ./Middlewares/Third_Party/FreeRTOS/Source/tasks.o
                0x080081f0                vTaskPlaceOnEventListRestricted
 .text.xTaskRemoveFromEventList
                0x08008248       0xc8 ./Middlewares/Third_Party/FreeRTOS/Source/tasks.o
                0x08008248                xTaskRemoveFromEventList
 .text.vTaskInternalSetTimeOutState
                0x08008310       0x2c ./Middlewares/Third_Party/FreeRTOS/Source/tasks.o
                0x08008310                vTaskInternalSetTimeOutState
 .text.xTaskCheckForTimeOut
                0x0800833c       0xc8 ./Middlewares/Third_Party/FreeRTOS/Source/tasks.o
                0x0800833c                xTaskCheckForTimeOut
 .text.vTaskMissedYield
                0x08008404       0x18 ./Middlewares/Third_Party/FreeRTOS/Source/tasks.o
                0x08008404                vTaskMissedYield
 .text.prvIdleTask
                0x0800841c       0x30 ./Middlewares/Third_Party/FreeRTOS/Source/tasks.o
 .text.prvInitialiseTaskLists
                0x0800844c       0x80 ./Middlewares/Third_Party/FreeRTOS/Source/tasks.o
 .text.prvCheckTasksWaitingTermination
                0x080084cc       0x5c ./Middlewares/Third_Party/FreeRTOS/Source/tasks.o
 .text.prvDeleteTCB
                0x08008528       0x6a ./Middlewares/Third_Party/FreeRTOS/Source/tasks.o
 *fill*         0x08008592        0x2 
 .text.prvResetNextTaskUnblockTime
                0x08008594       0x40 ./Middlewares/Third_Party/FreeRTOS/Source/tasks.o
 .text.xTaskGetSchedulerState
                0x080085d4       0x3c ./Middlewares/Third_Party/FreeRTOS/Source/tasks.o
                0x080085d4                xTaskGetSchedulerState
 .text.xTaskPriorityInherit
                0x08008610       0xd0 ./Middlewares/Third_Party/FreeRTOS/Source/tasks.o
                0x08008610                xTaskPriorityInherit
 .text.xTaskPriorityDisinherit
                0x080086e0       0xe0 ./Middlewares/Third_Party/FreeRTOS/Source/tasks.o
                0x080086e0                xTaskPriorityDisinherit
 .text.vTaskPriorityDisinheritAfterTimeout
                0x080087c0      0x108 ./Middlewares/Third_Party/FreeRTOS/Source/tasks.o
                0x080087c0                vTaskPriorityDisinheritAfterTimeout
 .text.pvTaskIncrementMutexHeldCount
                0x080088c8       0x28 ./Middlewares/Third_Party/FreeRTOS/Source/tasks.o
                0x080088c8                pvTaskIncrementMutexHeldCount
 .text.prvAddCurrentTaskToDelayedList
                0x080088f0       0xa8 ./Middlewares/Third_Party/FreeRTOS/Source/tasks.o
 .text.xTimerCreateTimerTask
                0x08008998       0x94 ./Middlewares/Third_Party/FreeRTOS/Source/timers.o
                0x08008998                xTimerCreateTimerTask
 .text.xTimerGenericCommand
                0x08008a2c       0x9c ./Middlewares/Third_Party/FreeRTOS/Source/timers.o
                0x08008a2c                xTimerGenericCommand
 .text.prvProcessExpiredTimer
                0x08008ac8       0x9c ./Middlewares/Third_Party/FreeRTOS/Source/timers.o
 .text.prvTimerTask
                0x08008b64       0x26 ./Middlewares/Third_Party/FreeRTOS/Source/timers.o
 *fill*         0x08008b8a        0x2 
 .text.prvProcessTimerOrBlockTask
                0x08008b8c       0x9c ./Middlewares/Third_Party/FreeRTOS/Source/timers.o
 .text.prvGetNextExpireTime
                0x08008c28       0x48 ./Middlewares/Third_Party/FreeRTOS/Source/timers.o
 .text.prvSampleTimeNow
                0x08008c70       0x40 ./Middlewares/Third_Party/FreeRTOS/Source/timers.o
 .text.prvInsertTimerInActiveList
                0x08008cb0       0x84 ./Middlewares/Third_Party/FreeRTOS/Source/timers.o
 .text.prvProcessReceivedCommands
                0x08008d34      0x1cc ./Middlewares/Third_Party/FreeRTOS/Source/timers.o
 .text.prvSwitchTimerLists
                0x08008f00       0xcc ./Middlewares/Third_Party/FreeRTOS/Source/timers.o
 .text.prvCheckForValidListAndQueue
                0x08008fcc       0x80 ./Middlewares/Third_Party/FreeRTOS/Source/timers.o
 .text.pxPortInitialiseStack
                0x0800904c       0x68 ./Middlewares/Third_Party/FreeRTOS/Source/portable/GCC/ARM_CM4F/port.o
                0x0800904c                pxPortInitialiseStack
 .text.prvTaskExitError
                0x080090b4       0x5c ./Middlewares/Third_Party/FreeRTOS/Source/portable/GCC/ARM_CM4F/port.o
 .text.SVC_Handler
                0x08009110       0x28 ./Middlewares/Third_Party/FreeRTOS/Source/portable/GCC/ARM_CM4F/port.o
                0x08009110                SVC_Handler
 .text.prvPortStartFirstTask
                0x08009138       0x28 ./Middlewares/Third_Party/FreeRTOS/Source/portable/GCC/ARM_CM4F/port.o
 .text.xPortStartScheduler
                0x08009160      0x148 ./Middlewares/Third_Party/FreeRTOS/Source/portable/GCC/ARM_CM4F/port.o
                0x08009160                xPortStartScheduler
 .text.vPortEnterCritical
                0x080092a8       0x64 ./Middlewares/Third_Party/FreeRTOS/Source/portable/GCC/ARM_CM4F/port.o
                0x080092a8                vPortEnterCritical
 .text.vPortExitCritical
                0x0800930c       0x54 ./Middlewares/Third_Party/FreeRTOS/Source/portable/GCC/ARM_CM4F/port.o
                0x0800930c                vPortExitCritical
 .text.PendSV_Handler
                0x08009360       0x68 ./Middlewares/Third_Party/FreeRTOS/Source/portable/GCC/ARM_CM4F/port.o
                0x08009360                PendSV_Handler
 .text.xPortSysTickHandler
                0x080093c8       0x44 ./Middlewares/Third_Party/FreeRTOS/Source/portable/GCC/ARM_CM4F/port.o
                0x080093c8                xPortSysTickHandler
 .text.vPortSetupTimerInterrupt
                0x0800940c       0x48 ./Middlewares/Third_Party/FreeRTOS/Source/portable/GCC/ARM_CM4F/port.o
                0x0800940c                vPortSetupTimerInterrupt
 .text.vPortEnableVFP
                0x08009454       0x14 ./Middlewares/Third_Party/FreeRTOS/Source/portable/GCC/ARM_CM4F/port.o
 .text.vPortValidateInterruptPriority
                0x08009468       0x84 ./Middlewares/Third_Party/FreeRTOS/Source/portable/GCC/ARM_CM4F/port.o
                0x08009468                vPortValidateInterruptPriority
 .text.pvPortMalloc
                0x080094ec      0x19c ./Middlewares/Third_Party/FreeRTOS/Source/portable/MemMang/heap_4.o
                0x080094ec                pvPortMalloc
 .text.vPortFree
                0x08009688       0xc8 ./Middlewares/Third_Party/FreeRTOS/Source/portable/MemMang/heap_4.o
                0x08009688                vPortFree
 .text.prvHeapInit
                0x08009750       0xc4 ./Middlewares/Third_Party/FreeRTOS/Source/portable/MemMang/heap_4.o
 .text.prvInsertBlockIntoFreeList
                0x08009814       0xb4 ./Middlewares/Third_Party/FreeRTOS/Source/portable/MemMang/heap_4.o
 .text.memset   0x080098c8       0x10 C:/ST/STM32CubeIDE_1.15.0/STM32CubeIDE/plugins/com.st.stm32cube.ide.mcu.externaltools.gnu-tools-for-stm32.12.3.rel1.win32_1.0.100.202403111256/tools/bin/../lib/gcc/arm-none-eabi/12.3.1/../../../../arm-none-eabi/lib/thumb/v7e-m+fp/hard\libc_nano.a(libc_a-memset.o)
                0x080098c8                memset
 .text._reclaim_reent
                0x080098d8       0xac C:/ST/STM32CubeIDE_1.15.0/STM32CubeIDE/plugins/com.st.stm32cube.ide.mcu.externaltools.gnu-tools-for-stm32.12.3.rel1.win32_1.0.100.202403111256/tools/bin/../lib/gcc/arm-none-eabi/12.3.1/../../../../arm-none-eabi/lib/thumb/v7e-m+fp/hard\libc_nano.a(libc_a-reent.o)
                0x080098d8                _reclaim_reent
 .text.__libc_init_array
                0x08009984       0x48 C:/ST/STM32CubeIDE_1.15.0/STM32CubeIDE/plugins/com.st.stm32cube.ide.mcu.externaltools.gnu-tools-for-stm32.12.3.rel1.win32_1.0.100.202403111256/tools/bin/../lib/gcc/arm-none-eabi/12.3.1/../../../../arm-none-eabi/lib/thumb/v7e-m+fp/hard\libc_nano.a(libc_a-init.o)
                0x08009984                __libc_init_array
 .text.__retarget_lock_acquire_recursive
                0x080099cc        0x2 C:/ST/STM32CubeIDE_1.15.0/STM32CubeIDE/plugins/com.st.stm32cube.ide.mcu.externaltools.gnu-tools-for-stm32.12.3.rel1.win32_1.0.100.202403111256/tools/bin/../lib/gcc/arm-none-eabi/12.3.1/../../../../arm-none-eabi/lib/thumb/v7e-m+fp/hard\libc_nano.a(libc_a-lock.o)
                0x080099cc                __retarget_lock_acquire_recursive
 .text.__retarget_lock_release_recursive
                0x080099ce        0x2 C:/ST/STM32CubeIDE_1.15.0/STM32CubeIDE/plugins/com.st.stm32cube.ide.mcu.externaltools.gnu-tools-for-stm32.12.3.rel1.win32_1.0.100.202403111256/tools/bin/../lib/gcc/arm-none-eabi/12.3.1/../../../../arm-none-eabi/lib/thumb/v7e-m+fp/hard\libc_nano.a(libc_a-lock.o)
                0x080099ce                __retarget_lock_release_recursive
 .text.memcpy   0x080099d0       0x1c C:/ST/STM32CubeIDE_1.15.0/STM32CubeIDE/plugins/com.st.stm32cube.ide.mcu.externaltools.gnu-tools-for-stm32.12.3.rel1.win32_1.0.100.202403111256/tools/bin/../lib/gcc/arm-none-eabi/12.3.1/../../../../arm-none-eabi/lib/thumb/v7e-m+fp/hard\libc_nano.a(libc_a-memcpy-stub.o)
                0x080099d0                memcpy
 .text._free_r  0x080099ec       0x94 C:/ST/STM32CubeIDE_1.15.0/STM32CubeIDE/plugins/com.st.stm32cube.ide.mcu.externaltools.gnu-tools-for-stm32.12.3.rel1.win32_1.0.100.202403111256/tools/bin/../lib/gcc/arm-none-eabi/12.3.1/../../../../arm-none-eabi/lib/thumb/v7e-m+fp/hard\libc_nano.a(libc_a-freer.o)
                0x080099ec                _free_r
 .text.__malloc_lock
                0x08009a80        0xc C:/ST/STM32CubeIDE_1.15.0/STM32CubeIDE/plugins/com.st.stm32cube.ide.mcu.externaltools.gnu-tools-for-stm32.12.3.rel1.win32_1.0.100.202403111256/tools/bin/../lib/gcc/arm-none-eabi/12.3.1/../../../../arm-none-eabi/lib/thumb/v7e-m+fp/hard\libc_nano.a(libc_a-mlock.o)
                0x08009a80                __malloc_lock
 .text.__malloc_unlock
                0x08009a8c        0xc C:/ST/STM32CubeIDE_1.15.0/STM32CubeIDE/plugins/com.st.stm32cube.ide.mcu.externaltools.gnu-tools-for-stm32.12.3.rel1.win32_1.0.100.202403111256/tools/bin/../lib/gcc/arm-none-eabi/12.3.1/../../../../arm-none-eabi/lib/thumb/v7e-m+fp/hard\libc_nano.a(libc_a-mlock.o)
                0x08009a8c                __malloc_unlock
 .text.round    0x08009a98       0x8c C:/ST/STM32CubeIDE_1.15.0/STM32CubeIDE/plugins/com.st.stm32cube.ide.mcu.externaltools.gnu-tools-for-stm32.12.3.rel1.win32_1.0.100.202403111256/tools/bin/../lib/gcc/arm-none-eabi/12.3.1/../../../../arm-none-eabi/lib/thumb/v7e-m+fp/hard\libm.a(libm_a-s_round.o)
                0x08009a98                round
 *(.glue_7)
 .glue_7        0x08009b24        0x0 linker stubs
 *(.glue_7t)
 .glue_7t       0x08009b24        0x0 linker stubs
 *(.eh_frame)
 .eh_frame      0x08009b24        0x0 C:/ST/STM32CubeIDE_1.15.0/STM32CubeIDE/plugins/com.st.stm32cube.ide.mcu.externaltools.gnu-tools-for-stm32.12.3.rel1.win32_1.0.100.202403111256/tools/bin/../lib/gcc/arm-none-eabi/12.3.1/thumb/v7e-m+fp/hard/crtbegin.o
 *(.init)
 .init          0x08009b24        0x4 C:/ST/STM32CubeIDE_1.15.0/STM32CubeIDE/plugins/com.st.stm32cube.ide.mcu.externaltools.gnu-tools-for-stm32.12.3.rel1.win32_1.0.100.202403111256/tools/bin/../lib/gcc/arm-none-eabi/12.3.1/thumb/v7e-m+fp/hard/crti.o
                0x08009b24                _init
 .init          0x08009b28        0x8 C:/ST/STM32CubeIDE_1.15.0/STM32CubeIDE/plugins/com.st.stm32cube.ide.mcu.externaltools.gnu-tools-for-stm32.12.3.rel1.win32_1.0.100.202403111256/tools/bin/../lib/gcc/arm-none-eabi/12.3.1/thumb/v7e-m+fp/hard/crtn.o
 *(.fini)
 .fini          0x08009b30        0x4 C:/ST/STM32CubeIDE_1.15.0/STM32CubeIDE/plugins/com.st.stm32cube.ide.mcu.externaltools.gnu-tools-for-stm32.12.3.rel1.win32_1.0.100.202403111256/tools/bin/../lib/gcc/arm-none-eabi/12.3.1/thumb/v7e-m+fp/hard/crti.o
                0x08009b30                _fini
 .fini          0x08009b34        0x8 C:/ST/STM32CubeIDE_1.15.0/STM32CubeIDE/plugins/com.st.stm32cube.ide.mcu.externaltools.gnu-tools-for-stm32.12.3.rel1.win32_1.0.100.202403111256/tools/bin/../lib/gcc/arm-none-eabi/12.3.1/thumb/v7e-m+fp/hard/crtn.o
                0x08009b3c                        . = ALIGN (0x4)
                0x08009b3c                        _etext = .

.vfp11_veneer   0x08009b3c        0x0
 .vfp11_veneer  0x08009b3c        0x0 linker stubs

.v4_bx          0x08009b3c        0x0
 .v4_bx         0x08009b3c        0x0 linker stubs

.iplt           0x08009b3c        0x0
 .iplt          0x08009b3c        0x0 C:/ST/STM32CubeIDE_1.15.0/STM32CubeIDE/plugins/com.st.stm32cube.ide.mcu.externaltools.gnu-tools-for-stm32.12.3.rel1.win32_1.0.100.202403111256/tools/bin/../lib/gcc/arm-none-eabi/12.3.1/thumb/v7e-m+fp/hard/crtbegin.o

.rodata         0x08009b3c      0x1f4
                0x08009b3c                        . = ALIGN (0x4)
 *(.rodata)
 .rodata        0x08009b3c       0x36 ./Core/Src/main.o
 *fill*         0x08009b72        0x2 
 .rodata        0x08009b74        0x5 ./Middlewares/Third_Party/FreeRTOS/Source/tasks.o
 *fill*         0x08009b79        0x3 
 .rodata        0x08009b7c        0xd ./Middlewares/Third_Party/FreeRTOS/Source/timers.o
 *(.rodata*)
 *fill*         0x08009b89        0x3 
 .rodata.AHBPrescTable
                0x08009b8c       0x10 ./Core/Src/system_stm32l4xx.o
                0x08009b8c                AHBPrescTable
 .rodata.APBPrescTable
                0x08009b9c        0x8 ./Core/Src/system_stm32l4xx.o
                0x08009b9c                APBPrescTable
 .rodata.MSIRangeTable
                0x08009ba4       0x30 ./Core/Src/system_stm32l4xx.o
                0x08009ba4                MSIRangeTable
 .rodata.s_vectcBandRegValue
                0x08009bd4        0x4 ./Drivers/BSP/Components/spirit1/SPIRIT1_Library/Src/SPIRIT_Management.o
 .rodata.s_vectcBHalfFactor
                0x08009bd8        0x4 ./Drivers/BSP/Components/spirit1/SPIRIT1_Library/Src/SPIRIT_Management.o
 .rodata.s_vectcBHalfFactor
                0x08009bdc        0x4 ./Drivers/BSP/Components/spirit1/SPIRIT1_Library/Src/SPIRIT_Radio.o
 .rodata.s_vectcBandRegValue
                0x08009be0        0x4 ./Drivers/BSP/Components/spirit1/SPIRIT1_Library/Src/SPIRIT_Radio.o
 .rodata.s_vectnBandwidth26M
                0x08009be4       0xb4 ./Drivers/BSP/Components/spirit1/SPIRIT1_Library/Src/SPIRIT_Radio.o
 .rodata.s_vectnVCOFreq
                0x08009c98       0x20 ./Drivers/BSP/Components/spirit1/SPIRIT1_Library/Src/SPIRIT_Radio.o
 .rodata.fPowerFactors
                0x08009cb8       0x78 ./Drivers/BSP/Components/spirit1/SPIRIT1_Library/Src/SPIRIT_Radio.o
                0x08009d30                        . = ALIGN (0x4)

.ARM.extab      0x08009d30        0x0
                0x08009d30                        . = ALIGN (0x4)
 *(.ARM.extab* .gnu.linkonce.armextab.*)
                0x08009d30                        . = ALIGN (0x4)

.ARM            0x08009d30        0x0
                0x08009d30                        . = ALIGN (0x4)
                0x08009d30                        __exidx_start = .
 *(.ARM.exidx*)
                0x08009d30                        __exidx_end = .
                0x08009d30                        . = ALIGN (0x4)

.preinit_array  0x08009d30        0x0
                0x08009d30                        . = ALIGN (0x4)
                0x08009d30                        PROVIDE (__preinit_array_start = .)
 *(.preinit_array*)
                0x08009d30                        PROVIDE (__preinit_array_end = .)
                0x08009d30                        . = ALIGN (0x4)

.init_array     0x08009d30        0x4
                0x08009d30                        . = ALIGN (0x4)
                0x08009d30                        PROVIDE (__init_array_start = .)
 *(SORT_BY_NAME(.init_array.*))
 *(.init_array*)
 .init_array    0x08009d30        0x4 C:/ST/STM32CubeIDE_1.15.0/STM32CubeIDE/plugins/com.st.stm32cube.ide.mcu.externaltools.gnu-tools-for-stm32.12.3.rel1.win32_1.0.100.202403111256/tools/bin/../lib/gcc/arm-none-eabi/12.3.1/thumb/v7e-m+fp/hard/crtbegin.o
                0x08009d34                        PROVIDE (__init_array_end = .)
                0x08009d34                        . = ALIGN (0x4)

.fini_array     0x08009d34        0x4
                0x08009d34                        . = ALIGN (0x4)
                [!provide]                        PROVIDE (__fini_array_start = .)
 *(SORT_BY_NAME(.fini_array.*))
 *(.fini_array*)
 .fini_array    0x08009d34        0x4 C:/ST/STM32CubeIDE_1.15.0/STM32CubeIDE/plugins/com.st.stm32cube.ide.mcu.externaltools.gnu-tools-for-stm32.12.3.rel1.win32_1.0.100.202403111256/tools/bin/../lib/gcc/arm-none-eabi/12.3.1/thumb/v7e-m+fp/hard/crtbegin.o
                [!provide]                        PROVIDE (__fini_array_end = .)
                0x08009d38                        . = ALIGN (0x4)
                0x08009d38                        _sidata = LOADADDR (.data)

.rel.dyn        0x08009d38        0x0
 .rel.iplt      0x08009d38        0x0 C:/ST/STM32CubeIDE_1.15.0/STM32CubeIDE/plugins/com.st.stm32cube.ide.mcu.externaltools.gnu-tools-for-stm32.12.3.rel1.win32_1.0.100.202403111256/tools/bin/../lib/gcc/arm-none-eabi/12.3.1/thumb/v7e-m+fp/hard/crtbegin.o

.data           0x20000000       0x68 load address 0x08009d38
                0x20000000                        . = ALIGN (0x4)
                0x20000000                        _sdata = .
 *(.data)
 *(.data*)
 .data.SystemCoreClock
                0x20000000        0x4 ./Core/Src/system_stm32l4xx.o
                0x20000000                SystemCoreClock
 .data.s_cCommunicationState
                0x20000004        0x1 ./Drivers/BSP/Components/spirit1/SPIRIT1_Library/Src/SPIRIT_Management.o
 .data.xDoVcoCalibrationWA
                0x20000005        0x1 ./Drivers/BSP/Components/spirit1/SPIRIT1_Library/Src/SPIRIT_Radio.o
 *fill*         0x20000006        0x2 
 .data.radioSpi
                0x20000008        0x4 ./Drivers/BSP/Components/spirit1/radio_target.o
                0x20000008                radioSpi
 .data.uwTickPrio
                0x2000000c        0x4 ./Drivers/STM32L4xx_HAL_Driver/Src/stm32l4xx_hal.o
                0x2000000c                uwTickPrio
 .data.uwTickFreq
                0x20000010        0x1 ./Drivers/STM32L4xx_HAL_Driver/Src/stm32l4xx_hal.o
                0x20000010                uwTickFreq
 *fill*         0x20000011        0x3 
 .data.uxCriticalNesting
                0x20000014        0x4 ./Middlewares/Third_Party/FreeRTOS/Source/portable/GCC/ARM_CM4F/port.o
 .data._impure_ptr
                0x20000018        0x4 C:/ST/STM32CubeIDE_1.15.0/STM32CubeIDE/plugins/com.st.stm32cube.ide.mcu.externaltools.gnu-tools-for-stm32.12.3.rel1.win32_1.0.100.202403111256/tools/bin/../lib/gcc/arm-none-eabi/12.3.1/../../../../arm-none-eabi/lib/thumb/v7e-m+fp/hard\libc_nano.a(libc_a-impure.o)
                0x20000018                _impure_ptr
 .data._impure_data
                0x2000001c       0x4c C:/ST/STM32CubeIDE_1.15.0/STM32CubeIDE/plugins/com.st.stm32cube.ide.mcu.externaltools.gnu-tools-for-stm32.12.3.rel1.win32_1.0.100.202403111256/tools/bin/../lib/gcc/arm-none-eabi/12.3.1/../../../../arm-none-eabi/lib/thumb/v7e-m+fp/hard\libc_nano.a(libc_a-impure.o)
                0x2000001c                _impure_data
 *(.RamFunc)
 *(.RamFunc*)
                0x20000068                        . = ALIGN (0x4)
                0x20000068                        _edata = .

.igot.plt       0x20000068        0x0 load address 0x08009da0
 .igot.plt      0x20000068        0x0 C:/ST/STM32CubeIDE_1.15.0/STM32CubeIDE/plugins/com.st.stm32cube.ide.mcu.externaltools.gnu-tools-for-stm32.12.3.rel1.win32_1.0.100.202403111256/tools/bin/../lib/gcc/arm-none-eabi/12.3.1/thumb/v7e-m+fp/hard/crtbegin.o
                0x20000068                        . = ALIGN (0x4)

.bss            0x20000068     0x1be4 load address 0x08009da0
                0x20000068                        _sbss = .
                0x20000068                        __bss_start__ = _sbss
 *(.bss)
 .bss           0x20000068       0x1c C:/ST/STM32CubeIDE_1.15.0/STM32CubeIDE/plugins/com.st.stm32cube.ide.mcu.externaltools.gnu-tools-for-stm32.12.3.rel1.win32_1.0.100.202403111256/tools/bin/../lib/gcc/arm-none-eabi/12.3.1/thumb/v7e-m+fp/hard/crtbegin.o
 *(.bss*)
 .bss.task1Handler
                0x20000084        0x4 ./Core/Src/main.o
                0x20000084                task1Handler
 .bss.task2Handler
                0x20000088        0x4 ./Core/Src/main.o
                0x20000088                task2Handler
 .bss.task3Handler
                0x2000008c        0x4 ./Core/Src/main.o
                0x2000008c                task3Handler
 .bss.sendDataSema
                0x20000090        0x4 ./Core/Src/main.o
                0x20000090                sendDataSema
 .bss.radioMutex
                0x20000094        0x4 ./Core/Src/main.o
                0x20000094                radioMutex
 .bss.retVal    0x20000098        0x4 ./Core/Src/main.o
                0x20000098                retVal
 .bss.measurments1
                0x2000009c        0x6 ./Core/Src/main.o
                0x2000009c                measurments1
 *fill*         0x200000a2        0x2 
 .bss.measurments2
                0x200000a4        0x6 ./Core/Src/main.o
                0x200000a4                measurments2
 .bss.xTxDoneFlag
                0x200000aa        0x1 ./Core/Src/main.o
                0x200000aa                xTxDoneFlag
 .bss.xRxDoneFlag
                0x200000ab        0x1 ./Core/Src/main.o
                0x200000ab                xRxDoneFlag
 .bss.hspi1     0x200000ac       0x64 ./Core/Src/spi.o
                0x200000ac                hspi1
 .bss.i.0       0x20000110        0x4 ./Core/Src/spsgrf.o
 .bss.htim17    0x20000114       0x4c ./Core/Src/stm32l4xx_hal_timebase_tim.o
                0x20000114                htim17
 .bss.s_nDesiredFrequency
                0x20000160        0x4 ./Drivers/BSP/Components/spirit1/SPIRIT1_Library/Src/SPIRIT_Management.o
 .bss.s_lXtalFrequency
                0x20000164        0x4 ./Drivers/BSP/Components/spirit1/SPIRIT1_Library/Src/SPIRIT_Radio.o
 .bss.g_xStatus
                0x20000168        0x2 ./Drivers/BSP/Components/spirit1/SPIRIT1_Library/Src/SPIRIT_Types.o
                0x20000168                g_xStatus
 *fill*         0x2000016a        0x2 
 .bss.uwTick    0x2000016c        0x4 ./Drivers/STM32L4xx_HAL_Driver/Src/stm32l4xx_hal.o
                0x2000016c                uwTick
 .bss.Idle_TCB.3
                0x20000170       0xa8 ./Middlewares/Third_Party/FreeRTOS/Source/CMSIS_RTOS_V2/cmsis_os2.o
 .bss.Idle_Stack.2
                0x20000218      0x200 ./Middlewares/Third_Party/FreeRTOS/Source/CMSIS_RTOS_V2/cmsis_os2.o
 .bss.Timer_TCB.1
                0x20000418       0xa8 ./Middlewares/Third_Party/FreeRTOS/Source/CMSIS_RTOS_V2/cmsis_os2.o
 .bss.Timer_Stack.0
                0x200004c0      0x400 ./Middlewares/Third_Party/FreeRTOS/Source/CMSIS_RTOS_V2/cmsis_os2.o
 .bss.xQueueRegistry
                0x200008c0       0x40 ./Middlewares/Third_Party/FreeRTOS/Source/queue.o
                0x200008c0                xQueueRegistry
 .bss.pxCurrentTCB
                0x20000900        0x4 ./Middlewares/Third_Party/FreeRTOS/Source/tasks.o
                0x20000900                pxCurrentTCB
 .bss.pxReadyTasksLists
                0x20000904      0x460 ./Middlewares/Third_Party/FreeRTOS/Source/tasks.o
 .bss.xDelayedTaskList1
                0x20000d64       0x14 ./Middlewares/Third_Party/FreeRTOS/Source/tasks.o
 .bss.xDelayedTaskList2
                0x20000d78       0x14 ./Middlewares/Third_Party/FreeRTOS/Source/tasks.o
 .bss.pxDelayedTaskList
                0x20000d8c        0x4 ./Middlewares/Third_Party/FreeRTOS/Source/tasks.o
 .bss.pxOverflowDelayedTaskList
                0x20000d90        0x4 ./Middlewares/Third_Party/FreeRTOS/Source/tasks.o
 .bss.xPendingReadyList
                0x20000d94       0x14 ./Middlewares/Third_Party/FreeRTOS/Source/tasks.o
 .bss.xTasksWaitingTermination
                0x20000da8       0x14 ./Middlewares/Third_Party/FreeRTOS/Source/tasks.o
 .bss.uxDeletedTasksWaitingCleanUp
                0x20000dbc        0x4 ./Middlewares/Third_Party/FreeRTOS/Source/tasks.o
 .bss.xSuspendedTaskList
                0x20000dc0       0x14 ./Middlewares/Third_Party/FreeRTOS/Source/tasks.o
 .bss.uxCurrentNumberOfTasks
                0x20000dd4        0x4 ./Middlewares/Third_Party/FreeRTOS/Source/tasks.o
 .bss.xTickCount
                0x20000dd8        0x4 ./Middlewares/Third_Party/FreeRTOS/Source/tasks.o
 .bss.uxTopReadyPriority
                0x20000ddc        0x4 ./Middlewares/Third_Party/FreeRTOS/Source/tasks.o
 .bss.xSchedulerRunning
                0x20000de0        0x4 ./Middlewares/Third_Party/FreeRTOS/Source/tasks.o
 .bss.xPendedTicks
                0x20000de4        0x4 ./Middlewares/Third_Party/FreeRTOS/Source/tasks.o
 .bss.xYieldPending
                0x20000de8        0x4 ./Middlewares/Third_Party/FreeRTOS/Source/tasks.o
 .bss.xNumOfOverflows
                0x20000dec        0x4 ./Middlewares/Third_Party/FreeRTOS/Source/tasks.o
 .bss.uxTaskNumber
                0x20000df0        0x4 ./Middlewares/Third_Party/FreeRTOS/Source/tasks.o
 .bss.xNextTaskUnblockTime
                0x20000df4        0x4 ./Middlewares/Third_Party/FreeRTOS/Source/tasks.o
 .bss.xIdleTaskHandle
                0x20000df8        0x4 ./Middlewares/Third_Party/FreeRTOS/Source/tasks.o
 .bss.uxSchedulerSuspended
                0x20000dfc        0x4 ./Middlewares/Third_Party/FreeRTOS/Source/tasks.o
 .bss.xActiveTimerList1
                0x20000e00       0x14 ./Middlewares/Third_Party/FreeRTOS/Source/timers.o
 .bss.xActiveTimerList2
                0x20000e14       0x14 ./Middlewares/Third_Party/FreeRTOS/Source/timers.o
 .bss.pxCurrentTimerList
                0x20000e28        0x4 ./Middlewares/Third_Party/FreeRTOS/Source/timers.o
 .bss.pxOverflowTimerList
                0x20000e2c        0x4 ./Middlewares/Third_Party/FreeRTOS/Source/timers.o
 .bss.xTimerQueue
                0x20000e30        0x4 ./Middlewares/Third_Party/FreeRTOS/Source/timers.o
 .bss.xTimerTaskHandle
                0x20000e34        0x4 ./Middlewares/Third_Party/FreeRTOS/Source/timers.o
 .bss.xLastTime.2
                0x20000e38        0x4 ./Middlewares/Third_Party/FreeRTOS/Source/timers.o
 .bss.ucStaticTimerQueueStorage.1
                0x20000e3c       0xa0 ./Middlewares/Third_Party/FreeRTOS/Source/timers.o
 .bss.xStaticTimerQueue.0
                0x20000edc       0x50 ./Middlewares/Third_Party/FreeRTOS/Source/timers.o
 .bss.ucMaxSysCallPriority
                0x20000f2c        0x1 ./Middlewares/Third_Party/FreeRTOS/Source/portable/GCC/ARM_CM4F/port.o
 *fill*         0x20000f2d        0x3 
 .bss.ulMaxPRIGROUPValue
                0x20000f30        0x4 ./Middlewares/Third_Party/FreeRTOS/Source/portable/GCC/ARM_CM4F/port.o
 .bss.ucHeap    0x20000f34      0xbb8 ./Middlewares/Third_Party/FreeRTOS/Source/portable/MemMang/heap_4.o
 .bss.xStart    0x20001aec        0x8 ./Middlewares/Third_Party/FreeRTOS/Source/portable/MemMang/heap_4.o
 .bss.pxEnd     0x20001af4        0x4 ./Middlewares/Third_Party/FreeRTOS/Source/portable/MemMang/heap_4.o
 .bss.xFreeBytesRemaining
                0x20001af8        0x4 ./Middlewares/Third_Party/FreeRTOS/Source/portable/MemMang/heap_4.o
 .bss.xMinimumEverFreeBytesRemaining
                0x20001afc        0x4 ./Middlewares/Third_Party/FreeRTOS/Source/portable/MemMang/heap_4.o
 .bss.xNumberOfSuccessfulAllocations
                0x20001b00        0x4 ./Middlewares/Third_Party/FreeRTOS/Source/portable/MemMang/heap_4.o
 .bss.xNumberOfSuccessfulFrees
                0x20001b04        0x4 ./Middlewares/Third_Party/FreeRTOS/Source/portable/MemMang/heap_4.o
 .bss.xBlockAllocatedBit
                0x20001b08        0x4 ./Middlewares/Third_Party/FreeRTOS/Source/portable/MemMang/heap_4.o
 .bss.__sf      0x20001b0c      0x138 C:/ST/STM32CubeIDE_1.15.0/STM32CubeIDE/plugins/com.st.stm32cube.ide.mcu.externaltools.gnu-tools-for-stm32.12.3.rel1.win32_1.0.100.202403111256/tools/bin/../lib/gcc/arm-none-eabi/12.3.1/../../../../arm-none-eabi/lib/thumb/v7e-m+fp/hard\libc_nano.a(libc_a-findfp.o)
                0x20001b0c                __sf
 .bss.__lock___malloc_recursive_mutex
                0x20001c44        0x1 C:/ST/STM32CubeIDE_1.15.0/STM32CubeIDE/plugins/com.st.stm32cube.ide.mcu.externaltools.gnu-tools-for-stm32.12.3.rel1.win32_1.0.100.202403111256/tools/bin/../lib/gcc/arm-none-eabi/12.3.1/../../../../arm-none-eabi/lib/thumb/v7e-m+fp/hard\libc_nano.a(libc_a-lock.o)
                0x20001c44                __lock___malloc_recursive_mutex
 *fill*         0x20001c45        0x3 
 .bss.__malloc_free_list
                0x20001c48        0x4 C:/ST/STM32CubeIDE_1.15.0/STM32CubeIDE/plugins/com.st.stm32cube.ide.mcu.externaltools.gnu-tools-for-stm32.12.3.rel1.win32_1.0.100.202403111256/tools/bin/../lib/gcc/arm-none-eabi/12.3.1/../../../../arm-none-eabi/lib/thumb/v7e-m+fp/hard\libc_nano.a(libc_a-mallocr.o)
                0x20001c48                __malloc_free_list
 *(COMMON)
                0x20001c4c                        . = ALIGN (0x4)
                0x20001c4c                        _ebss = .
                0x20001c4c                        __bss_end__ = _ebss

._user_heap_stack
                0x20001c4c     0x1e04 load address 0x08009da0
                0x20001c50                        . = ALIGN (0x8)
 *fill*         0x20001c4c        0x4 
                [!provide]                        PROVIDE (end = .)
                0x20001c50                        PROVIDE (_end = .)
                0x20002b50                        . = (. + _Min_Heap_Size)
 *fill*         0x20001c50      0xf00 
                0x20003a50                        . = (. + _Min_Stack_Size)
 *fill*         0x20002b50      0xf00 
                0x20003a50                        . = ALIGN (0x8)

/DISCARD/
 libc.a(*)
 libm.a(*)
 libgcc.a(*)

.ARM.attributes
                0x00000000       0x30
 *(.ARM.attributes)
 .ARM.attributes
                0x00000000       0x22 C:/ST/STM32CubeIDE_1.15.0/STM32CubeIDE/plugins/com.st.stm32cube.ide.mcu.externaltools.gnu-tools-for-stm32.12.3.rel1.win32_1.0.100.202403111256/tools/bin/../lib/gcc/arm-none-eabi/12.3.1/thumb/v7e-m+fp/hard/crti.o
 .ARM.attributes
                0x00000022       0x34 C:/ST/STM32CubeIDE_1.15.0/STM32CubeIDE/plugins/com.st.stm32cube.ide.mcu.externaltools.gnu-tools-for-stm32.12.3.rel1.win32_1.0.100.202403111256/tools/bin/../lib/gcc/arm-none-eabi/12.3.1/thumb/v7e-m+fp/hard/crtbegin.o
 .ARM.attributes
                0x00000056       0x34 ./Core/Src/gpio.o
 .ARM.attributes
                0x0000008a       0x34 ./Core/Src/i2c.o
 .ARM.attributes
                0x000000be       0x34 ./Core/Src/main.o
 .ARM.attributes
                0x000000f2       0x34 ./Core/Src/spi.o
 .ARM.attributes
                0x00000126       0x34 ./Core/Src/spsgrf.o
 .ARM.attributes
                0x0000015a       0x34 ./Core/Src/stm32l4xx_hal_msp.o
 .ARM.attributes
                0x0000018e       0x34 ./Core/Src/stm32l4xx_hal_timebase_tim.o
 .ARM.attributes
                0x000001c2       0x34 ./Core/Src/stm32l4xx_it.o
 .ARM.attributes
                0x000001f6       0x34 ./Core/Src/system_stm32l4xx.o
 .ARM.attributes
                0x0000022a       0x34 ./Core/Src/uart.o
 .ARM.attributes
                0x0000025e       0x21 ./Core/Startup/startup_stm32l476rgtx.o
 .ARM.attributes
                0x0000027f       0x34 ./Drivers/BSP/Components/spirit1/SPIRIT1_Library/Src/SPIRIT_Calibration.o
 .ARM.attributes
                0x000002b3       0x34 ./Drivers/BSP/Components/spirit1/SPIRIT1_Library/Src/SPIRIT_Commands.o
 .ARM.attributes
                0x000002e7       0x34 ./Drivers/BSP/Components/spirit1/SPIRIT1_Library/Src/SPIRIT_Gpio.o
 .ARM.attributes
                0x0000031b       0x34 ./Drivers/BSP/Components/spirit1/SPIRIT1_Library/Src/SPIRIT_Irq.o
 .ARM.attributes
                0x0000034f       0x34 ./Drivers/BSP/Components/spirit1/SPIRIT1_Library/Src/SPIRIT_Management.o
 .ARM.attributes
                0x00000383       0x34 ./Drivers/BSP/Components/spirit1/SPIRIT1_Library/Src/SPIRIT_PktCommon.o
 .ARM.attributes
                0x000003b7       0x34 ./Drivers/BSP/Components/spirit1/SPIRIT1_Library/Src/SPIRIT_PktStack.o
 .ARM.attributes
                0x000003eb       0x34 ./Drivers/BSP/Components/spirit1/SPIRIT1_Library/Src/SPIRIT_Qi.o
 .ARM.attributes
                0x0000041f       0x34 ./Drivers/BSP/Components/spirit1/SPIRIT1_Library/Src/SPIRIT_Radio.o
 .ARM.attributes
                0x00000453       0x34 ./Drivers/BSP/Components/spirit1/SPIRIT1_Library/Src/SPIRIT_Timer.o
 .ARM.attributes
                0x00000487       0x34 ./Drivers/BSP/Components/spirit1/SPIRIT1_Library/Src/SPIRIT_Types.o
 .ARM.attributes
                0x000004bb       0x34 ./Drivers/BSP/Components/spirit1/radio_target.o
 .ARM.attributes
                0x000004ef       0x34 ./Drivers/STM32L4xx_HAL_Driver/Src/stm32l4xx_hal.o
 .ARM.attributes
                0x00000523       0x34 ./Drivers/STM32L4xx_HAL_Driver/Src/stm32l4xx_hal_cortex.o
 .ARM.attributes
                0x00000557       0x34 ./Drivers/STM32L4xx_HAL_Driver/Src/stm32l4xx_hal_gpio.o
 .ARM.attributes
                0x0000058b       0x34 ./Drivers/STM32L4xx_HAL_Driver/Src/stm32l4xx_hal_pwr_ex.o
 .ARM.attributes
                0x000005bf       0x34 ./Drivers/STM32L4xx_HAL_Driver/Src/stm32l4xx_hal_rcc.o
 .ARM.attributes
                0x000005f3       0x34 ./Drivers/STM32L4xx_HAL_Driver/Src/stm32l4xx_hal_spi.o
 .ARM.attributes
                0x00000627       0x34 ./Drivers/STM32L4xx_HAL_Driver/Src/stm32l4xx_hal_tim.o
 .ARM.attributes
                0x0000065b       0x34 ./Drivers/STM32L4xx_HAL_Driver/Src/stm32l4xx_hal_tim_ex.o
 .ARM.attributes
                0x0000068f       0x34 ./Middlewares/Third_Party/FreeRTOS/Source/CMSIS_RTOS_V2/cmsis_os2.o
 .ARM.attributes
                0x000006c3       0x34 ./Middlewares/Third_Party/FreeRTOS/Source/list.o
 .ARM.attributes
                0x000006f7       0x34 ./Middlewares/Third_Party/FreeRTOS/Source/queue.o
 .ARM.attributes
                0x0000072b       0x34 ./Middlewares/Third_Party/FreeRTOS/Source/tasks.o
 .ARM.attributes
                0x0000075f       0x34 ./Middlewares/Third_Party/FreeRTOS/Source/timers.o
 .ARM.attributes
                0x00000793       0x34 ./Middlewares/Third_Party/FreeRTOS/Source/portable/GCC/ARM_CM4F/port.o
 .ARM.attributes
                0x000007c7       0x34 ./Middlewares/Third_Party/FreeRTOS/Source/portable/MemMang/heap_4.o
 .ARM.attributes
                0x000007fb       0x34 C:/ST/STM32CubeIDE_1.15.0/STM32CubeIDE/plugins/com.st.stm32cube.ide.mcu.externaltools.gnu-tools-for-stm32.12.3.rel1.win32_1.0.100.202403111256/tools/bin/../lib/gcc/arm-none-eabi/12.3.1/../../../../arm-none-eabi/lib/thumb/v7e-m+fp/hard\libc_nano.a(libc_a-findfp.o)
 .ARM.attributes
                0x0000082f       0x34 C:/ST/STM32CubeIDE_1.15.0/STM32CubeIDE/plugins/com.st.stm32cube.ide.mcu.externaltools.gnu-tools-for-stm32.12.3.rel1.win32_1.0.100.202403111256/tools/bin/../lib/gcc/arm-none-eabi/12.3.1/../../../../arm-none-eabi/lib/thumb/v7e-m+fp/hard\libc_nano.a(libc_a-memset.o)
 .ARM.attributes
                0x00000863       0x34 C:/ST/STM32CubeIDE_1.15.0/STM32CubeIDE/plugins/com.st.stm32cube.ide.mcu.externaltools.gnu-tools-for-stm32.12.3.rel1.win32_1.0.100.202403111256/tools/bin/../lib/gcc/arm-none-eabi/12.3.1/../../../../arm-none-eabi/lib/thumb/v7e-m+fp/hard\libc_nano.a(libc_a-reent.o)
 .ARM.attributes
                0x00000897       0x34 C:/ST/STM32CubeIDE_1.15.0/STM32CubeIDE/plugins/com.st.stm32cube.ide.mcu.externaltools.gnu-tools-for-stm32.12.3.rel1.win32_1.0.100.202403111256/tools/bin/../lib/gcc/arm-none-eabi/12.3.1/../../../../arm-none-eabi/lib/thumb/v7e-m+fp/hard\libc_nano.a(libc_a-impure.o)
 .ARM.attributes
                0x000008cb       0x34 C:/ST/STM32CubeIDE_1.15.0/STM32CubeIDE/plugins/com.st.stm32cube.ide.mcu.externaltools.gnu-tools-for-stm32.12.3.rel1.win32_1.0.100.202403111256/tools/bin/../lib/gcc/arm-none-eabi/12.3.1/../../../../arm-none-eabi/lib/thumb/v7e-m+fp/hard\libc_nano.a(libc_a-init.o)
 .ARM.attributes
                0x000008ff       0x34 C:/ST/STM32CubeIDE_1.15.0/STM32CubeIDE/plugins/com.st.stm32cube.ide.mcu.externaltools.gnu-tools-for-stm32.12.3.rel1.win32_1.0.100.202403111256/tools/bin/../lib/gcc/arm-none-eabi/12.3.1/../../../../arm-none-eabi/lib/thumb/v7e-m+fp/hard\libc_nano.a(libc_a-lock.o)
 .ARM.attributes
                0x00000933       0x34 C:/ST/STM32CubeIDE_1.15.0/STM32CubeIDE/plugins/com.st.stm32cube.ide.mcu.externaltools.gnu-tools-for-stm32.12.3.rel1.win32_1.0.100.202403111256/tools/bin/../lib/gcc/arm-none-eabi/12.3.1/../../../../arm-none-eabi/lib/thumb/v7e-m+fp/hard\libc_nano.a(libc_a-memcpy-stub.o)
 .ARM.attributes
                0x00000967       0x34 C:/ST/STM32CubeIDE_1.15.0/STM32CubeIDE/plugins/com.st.stm32cube.ide.mcu.externaltools.gnu-tools-for-stm32.12.3.rel1.win32_1.0.100.202403111256/tools/bin/../lib/gcc/arm-none-eabi/12.3.1/../../../../arm-none-eabi/lib/thumb/v7e-m+fp/hard\libc_nano.a(libc_a-freer.o)
 .ARM.attributes
                0x0000099b       0x34 C:/ST/STM32CubeIDE_1.15.0/STM32CubeIDE/plugins/com.st.stm32cube.ide.mcu.externaltools.gnu-tools-for-stm32.12.3.rel1.win32_1.0.100.202403111256/tools/bin/../lib/gcc/arm-none-eabi/12.3.1/../../../../arm-none-eabi/lib/thumb/v7e-m+fp/hard\libc_nano.a(libc_a-mallocr.o)
 .ARM.attributes
                0x000009cf       0x34 C:/ST/STM32CubeIDE_1.15.0/STM32CubeIDE/plugins/com.st.stm32cube.ide.mcu.externaltools.gnu-tools-for-stm32.12.3.rel1.win32_1.0.100.202403111256/tools/bin/../lib/gcc/arm-none-eabi/12.3.1/../../../../arm-none-eabi/lib/thumb/v7e-m+fp/hard\libc_nano.a(libc_a-mlock.o)
 .ARM.attributes
                0x00000a03       0x34 C:/ST/STM32CubeIDE_1.15.0/STM32CubeIDE/plugins/com.st.stm32cube.ide.mcu.externaltools.gnu-tools-for-stm32.12.3.rel1.win32_1.0.100.202403111256/tools/bin/../lib/gcc/arm-none-eabi/12.3.1/../../../../arm-none-eabi/lib/thumb/v7e-m+fp/hard\libm.a(libm_a-s_round.o)
 .ARM.attributes
                0x00000a37       0x22 C:/ST/STM32CubeIDE_1.15.0/STM32CubeIDE/plugins/com.st.stm32cube.ide.mcu.externaltools.gnu-tools-for-stm32.12.3.rel1.win32_1.0.100.202403111256/tools/bin/../lib/gcc/arm-none-eabi/12.3.1/thumb/v7e-m+fp/hard\libgcc.a(_arm_addsubdf3.o)
 .ARM.attributes
                0x00000a59       0x22 C:/ST/STM32CubeIDE_1.15.0/STM32CubeIDE/plugins/com.st.stm32cube.ide.mcu.externaltools.gnu-tools-for-stm32.12.3.rel1.win32_1.0.100.202403111256/tools/bin/../lib/gcc/arm-none-eabi/12.3.1/thumb/v7e-m+fp/hard\libgcc.a(_arm_muldivdf3.o)
 .ARM.attributes
                0x00000a7b       0x22 C:/ST/STM32CubeIDE_1.15.0/STM32CubeIDE/plugins/com.st.stm32cube.ide.mcu.externaltools.gnu-tools-for-stm32.12.3.rel1.win32_1.0.100.202403111256/tools/bin/../lib/gcc/arm-none-eabi/12.3.1/thumb/v7e-m+fp/hard\libgcc.a(_arm_fixunsdfsi.o)
 .ARM.attributes
                0x00000a9d       0x22 C:/ST/STM32CubeIDE_1.15.0/STM32CubeIDE/plugins/com.st.stm32cube.ide.mcu.externaltools.gnu-tools-for-stm32.12.3.rel1.win32_1.0.100.202403111256/tools/bin/../lib/gcc/arm-none-eabi/12.3.1/thumb/v7e-m+fp/hard/crtn.o
OUTPUT(Wireless_N2C.elf elf32-littlearm)
LOAD linker stubs
LOAD C:/ST/STM32CubeIDE_1.15.0/STM32CubeIDE/plugins/com.st.stm32cube.ide.mcu.externaltools.gnu-tools-for-stm32.12.3.rel1.win32_1.0.100.202403111256/tools/bin/../lib/gcc/arm-none-eabi/12.3.1/../../../../arm-none-eabi/lib/thumb/v7e-m+fp/hard\libc.a
LOAD C:/ST/STM32CubeIDE_1.15.0/STM32CubeIDE/plugins/com.st.stm32cube.ide.mcu.externaltools.gnu-tools-for-stm32.12.3.rel1.win32_1.0.100.202403111256/tools/bin/../lib/gcc/arm-none-eabi/12.3.1/../../../../arm-none-eabi/lib/thumb/v7e-m+fp/hard\libm.a
LOAD C:/ST/STM32CubeIDE_1.15.0/STM32CubeIDE/plugins/com.st.stm32cube.ide.mcu.externaltools.gnu-tools-for-stm32.12.3.rel1.win32_1.0.100.202403111256/tools/bin/../lib/gcc/arm-none-eabi/12.3.1/thumb/v7e-m+fp/hard\libgcc.a

.debug_info     0x00000000    0x205df
 .debug_info    0x00000000      0x6be ./Core/Src/gpio.o
 .debug_info    0x000006be      0x5a1 ./Core/Src/i2c.o
 .debug_info    0x00000c5f     0x106f ./Core/Src/main.o
 .debug_info    0x00001cce      0x997 ./Core/Src/spi.o
 .debug_info    0x00002665      0xee1 ./Core/Src/spsgrf.o
 .debug_info    0x00003546      0x50d ./Core/Src/stm32l4xx_hal_msp.o
 .debug_info    0x00003a53      0xc71 ./Core/Src/stm32l4xx_hal_timebase_tim.o
 .debug_info    0x000046c4      0x70a ./Core/Src/stm32l4xx_it.o
 .debug_info    0x00004dce      0x5b1 ./Core/Src/system_stm32l4xx.o
 .debug_info    0x0000537f      0x864 ./Core/Src/uart.o
 .debug_info    0x00005be3       0x30 ./Core/Startup/startup_stm32l476rgtx.o
 .debug_info    0x00005c13      0x425 ./Drivers/BSP/Components/spirit1/SPIRIT1_Library/Src/SPIRIT_Calibration.o
 .debug_info    0x00006038      0x22e ./Drivers/BSP/Components/spirit1/SPIRIT1_Library/Src/SPIRIT_Commands.o
 .debug_info    0x00006266      0x702 ./Drivers/BSP/Components/spirit1/SPIRIT1_Library/Src/SPIRIT_Gpio.o
 .debug_info    0x00006968      0x7bf ./Drivers/BSP/Components/spirit1/SPIRIT1_Library/Src/SPIRIT_Irq.o
 .debug_info    0x00007127      0x633 ./Drivers/BSP/Components/spirit1/SPIRIT1_Library/Src/SPIRIT_Management.o
 .debug_info    0x0000775a      0xf4e ./Drivers/BSP/Components/spirit1/SPIRIT1_Library/Src/SPIRIT_PktCommon.o
 .debug_info    0x000086a8      0x91f ./Drivers/BSP/Components/spirit1/SPIRIT1_Library/Src/SPIRIT_PktStack.o
 .debug_info    0x00008fc7      0x743 ./Drivers/BSP/Components/spirit1/SPIRIT1_Library/Src/SPIRIT_Qi.o
 .debug_info    0x0000970a     0x1e69 ./Drivers/BSP/Components/spirit1/SPIRIT1_Library/Src/SPIRIT_Radio.o
 .debug_info    0x0000b573      0x808 ./Drivers/BSP/Components/spirit1/SPIRIT1_Library/Src/SPIRIT_Timer.o
 .debug_info    0x0000bd7b      0x1e1 ./Drivers/BSP/Components/spirit1/SPIRIT1_Library/Src/SPIRIT_Types.o
 .debug_info    0x0000bf5c      0xcf8 ./Drivers/BSP/Components/spirit1/radio_target.o
 .debug_info    0x0000cc54      0xaeb ./Drivers/STM32L4xx_HAL_Driver/Src/stm32l4xx_hal.o
 .debug_info    0x0000d73f      0xd4c ./Drivers/STM32L4xx_HAL_Driver/Src/stm32l4xx_hal_cortex.o
 .debug_info    0x0000e48b      0x757 ./Drivers/STM32L4xx_HAL_Driver/Src/stm32l4xx_hal_gpio.o
 .debug_info    0x0000ebe2      0x99e ./Drivers/STM32L4xx_HAL_Driver/Src/stm32l4xx_hal_pwr_ex.o
 .debug_info    0x0000f580      0xc14 ./Drivers/STM32L4xx_HAL_Driver/Src/stm32l4xx_hal_rcc.o
 .debug_info    0x00010194     0x161a ./Drivers/STM32L4xx_HAL_Driver/Src/stm32l4xx_hal_spi.o
 .debug_info    0x000117ae     0x2a9a ./Drivers/STM32L4xx_HAL_Driver/Src/stm32l4xx_hal_tim.o
 .debug_info    0x00014248     0x169e ./Drivers/STM32L4xx_HAL_Driver/Src/stm32l4xx_hal_tim_ex.o
 .debug_info    0x000158e6     0x410d ./Middlewares/Third_Party/FreeRTOS/Source/CMSIS_RTOS_V2/cmsis_os2.o
 .debug_info    0x000199f3      0x2af ./Middlewares/Third_Party/FreeRTOS/Source/list.o
 .debug_info    0x00019ca2     0x1b79 ./Middlewares/Third_Party/FreeRTOS/Source/queue.o
 .debug_info    0x0001b81b     0x28c1 ./Middlewares/Third_Party/FreeRTOS/Source/tasks.o
 .debug_info    0x0001e0dc     0x1b50 ./Middlewares/Third_Party/FreeRTOS/Source/timers.o
 .debug_info    0x0001fc2c      0x4de ./Middlewares/Third_Party/FreeRTOS/Source/portable/GCC/ARM_CM4F/port.o
 .debug_info    0x0002010a      0x4d5 ./Middlewares/Third_Party/FreeRTOS/Source/portable/MemMang/heap_4.o

.debug_abbrev   0x00000000     0x5106
 .debug_abbrev  0x00000000      0x15b ./Core/Src/gpio.o
 .debug_abbrev  0x0000015b      0x1de ./Core/Src/i2c.o
 .debug_abbrev  0x00000339      0x2de ./Core/Src/main.o
 .debug_abbrev  0x00000617      0x1f3 ./Core/Src/spi.o
 .debug_abbrev  0x0000080a      0x264 ./Core/Src/spsgrf.o
 .debug_abbrev  0x00000a6e      0x107 ./Core/Src/stm32l4xx_hal_msp.o
 .debug_abbrev  0x00000b75      0x1f4 ./Core/Src/stm32l4xx_hal_timebase_tim.o
 .debug_abbrev  0x00000d69      0x180 ./Core/Src/stm32l4xx_it.o
 .debug_abbrev  0x00000ee9      0x11a ./Core/Src/system_stm32l4xx.o
 .debug_abbrev  0x00001003      0x17f ./Core/Src/uart.o
 .debug_abbrev  0x00001182       0x24 ./Core/Startup/startup_stm32l476rgtx.o
 .debug_abbrev  0x000011a6      0x1aa ./Drivers/BSP/Components/spirit1/SPIRIT1_Library/Src/SPIRIT_Calibration.o
 .debug_abbrev  0x00001350       0xdf ./Drivers/BSP/Components/spirit1/SPIRIT1_Library/Src/SPIRIT_Commands.o
 .debug_abbrev  0x0000142f      0x1e5 ./Drivers/BSP/Components/spirit1/SPIRIT1_Library/Src/SPIRIT_Gpio.o
 .debug_abbrev  0x00001614      0x1e3 ./Drivers/BSP/Components/spirit1/SPIRIT1_Library/Src/SPIRIT_Irq.o
 .debug_abbrev  0x000017f7      0x234 ./Drivers/BSP/Components/spirit1/SPIRIT1_Library/Src/SPIRIT_Management.o
 .debug_abbrev  0x00001a2b      0x1e9 ./Drivers/BSP/Components/spirit1/SPIRIT1_Library/Src/SPIRIT_PktCommon.o
 .debug_abbrev  0x00001c14      0x206 ./Drivers/BSP/Components/spirit1/SPIRIT1_Library/Src/SPIRIT_PktStack.o
 .debug_abbrev  0x00001e1a      0x1b5 ./Drivers/BSP/Components/spirit1/SPIRIT1_Library/Src/SPIRIT_Qi.o
 .debug_abbrev  0x00001fcf      0x2c0 ./Drivers/BSP/Components/spirit1/SPIRIT1_Library/Src/SPIRIT_Radio.o
 .debug_abbrev  0x0000228f      0x1f1 ./Drivers/BSP/Components/spirit1/SPIRIT1_Library/Src/SPIRIT_Timer.o
 .debug_abbrev  0x00002480      0x106 ./Drivers/BSP/Components/spirit1/SPIRIT1_Library/Src/SPIRIT_Types.o
 .debug_abbrev  0x00002586      0x251 ./Drivers/BSP/Components/spirit1/radio_target.o
 .debug_abbrev  0x000027d7      0x242 ./Drivers/STM32L4xx_HAL_Driver/Src/stm32l4xx_hal.o
 .debug_abbrev  0x00002a19      0x327 ./Drivers/STM32L4xx_HAL_Driver/Src/stm32l4xx_hal_cortex.o
 .debug_abbrev  0x00002d40      0x1cb ./Drivers/STM32L4xx_HAL_Driver/Src/stm32l4xx_hal_gpio.o
 .debug_abbrev  0x00002f0b      0x1f9 ./Drivers/STM32L4xx_HAL_Driver/Src/stm32l4xx_hal_pwr_ex.o
 .debug_abbrev  0x00003104      0x2cb ./Drivers/STM32L4xx_HAL_Driver/Src/stm32l4xx_hal_rcc.o
 .debug_abbrev  0x000033cf      0x26a ./Drivers/STM32L4xx_HAL_Driver/Src/stm32l4xx_hal_spi.o
 .debug_abbrev  0x00003639      0x278 ./Drivers/STM32L4xx_HAL_Driver/Src/stm32l4xx_hal_tim.o
 .debug_abbrev  0x000038b1      0x283 ./Drivers/STM32L4xx_HAL_Driver/Src/stm32l4xx_hal_tim_ex.o
 .debug_abbrev  0x00003b34      0x548 ./Middlewares/Third_Party/FreeRTOS/Source/CMSIS_RTOS_V2/cmsis_os2.o
 .debug_abbrev  0x0000407c       0xf5 ./Middlewares/Third_Party/FreeRTOS/Source/list.o
 .debug_abbrev  0x00004171      0x3b6 ./Middlewares/Third_Party/FreeRTOS/Source/queue.o
 .debug_abbrev  0x00004527      0x3fe ./Middlewares/Third_Party/FreeRTOS/Source/tasks.o
 .debug_abbrev  0x00004925      0x368 ./Middlewares/Third_Party/FreeRTOS/Source/timers.o
 .debug_abbrev  0x00004c8d      0x25c ./Middlewares/Third_Party/FreeRTOS/Source/portable/GCC/ARM_CM4F/port.o
 .debug_abbrev  0x00004ee9      0x21d ./Middlewares/Third_Party/FreeRTOS/Source/portable/MemMang/heap_4.o

.debug_aranges  0x00000000     0x1f50
 .debug_aranges
                0x00000000       0x20 ./Core/Src/gpio.o
 .debug_aranges
                0x00000020       0x60 ./Core/Src/i2c.o
 .debug_aranges
                0x00000080       0x58 ./Core/Src/main.o
 .debug_aranges
                0x000000d8       0x30 ./Core/Src/spi.o
 .debug_aranges
                0x00000108       0x40 ./Core/Src/spsgrf.o
 .debug_aranges
                0x00000148       0x20 ./Core/Src/stm32l4xx_hal_msp.o
 .debug_aranges
                0x00000168       0x30 ./Core/Src/stm32l4xx_hal_timebase_tim.o
 .debug_aranges